Archive member included to satisfy reference by file (symbol)

/home/jaxc/opt/gcc-arm-none-eabi-7-2018-q2-update/bin/../lib/gcc/arm-none-eabi/7.3.1/../../../../arm-none-eabi/lib/thumb/v7e-m/fpv4-sp/hard/libc_nano.a(lib_a-exit.o)
                              /home/jaxc/opt/gcc-arm-none-eabi-7-2018-q2-update/bin/../lib/gcc/arm-none-eabi/7.3.1/../../../../arm-none-eabi/lib/thumb/v7e-m/fpv4-sp/hard/crt0.o (exit)
/home/jaxc/opt/gcc-arm-none-eabi-7-2018-q2-update/bin/../lib/gcc/arm-none-eabi/7.3.1/../../../../arm-none-eabi/lib/thumb/v7e-m/fpv4-sp/hard/libc_nano.a(lib_a-impure.o)
                              /home/jaxc/opt/gcc-arm-none-eabi-7-2018-q2-update/bin/../lib/gcc/arm-none-eabi/7.3.1/../../../../arm-none-eabi/lib/thumb/v7e-m/fpv4-sp/hard/libc_nano.a(lib_a-exit.o) (_global_impure_ptr)
/home/jaxc/opt/gcc-arm-none-eabi-7-2018-q2-update/bin/../lib/gcc/arm-none-eabi/7.3.1/../../../../arm-none-eabi/lib/thumb/v7e-m/fpv4-sp/hard/libc_nano.a(lib_a-init.o)
                              /home/jaxc/opt/gcc-arm-none-eabi-7-2018-q2-update/bin/../lib/gcc/arm-none-eabi/7.3.1/../../../../arm-none-eabi/lib/thumb/v7e-m/fpv4-sp/hard/crt0.o (__libc_init_array)
/home/jaxc/opt/gcc-arm-none-eabi-7-2018-q2-update/bin/../lib/gcc/arm-none-eabi/7.3.1/../../../../arm-none-eabi/lib/thumb/v7e-m/fpv4-sp/hard/libc_nano.a(lib_a-malloc.o)
                              build/usbd_cdc.o (malloc)
/home/jaxc/opt/gcc-arm-none-eabi-7-2018-q2-update/bin/../lib/gcc/arm-none-eabi/7.3.1/../../../../arm-none-eabi/lib/thumb/v7e-m/fpv4-sp/hard/libc_nano.a(lib_a-memset.o)
                              /home/jaxc/opt/gcc-arm-none-eabi-7-2018-q2-update/bin/../lib/gcc/arm-none-eabi/7.3.1/../../../../arm-none-eabi/lib/thumb/v7e-m/fpv4-sp/hard/crt0.o (memset)
/home/jaxc/opt/gcc-arm-none-eabi-7-2018-q2-update/bin/../lib/gcc/arm-none-eabi/7.3.1/../../../../arm-none-eabi/lib/thumb/v7e-m/fpv4-sp/hard/libc_nano.a(lib_a-nano-freer.o)
                              /home/jaxc/opt/gcc-arm-none-eabi-7-2018-q2-update/bin/../lib/gcc/arm-none-eabi/7.3.1/../../../../arm-none-eabi/lib/thumb/v7e-m/fpv4-sp/hard/libc_nano.a(lib_a-malloc.o) (_free_r)
/home/jaxc/opt/gcc-arm-none-eabi-7-2018-q2-update/bin/../lib/gcc/arm-none-eabi/7.3.1/../../../../arm-none-eabi/lib/thumb/v7e-m/fpv4-sp/hard/libc_nano.a(lib_a-nano-mallocr.o)
                              /home/jaxc/opt/gcc-arm-none-eabi-7-2018-q2-update/bin/../lib/gcc/arm-none-eabi/7.3.1/../../../../arm-none-eabi/lib/thumb/v7e-m/fpv4-sp/hard/libc_nano.a(lib_a-malloc.o) (_malloc_r)
/home/jaxc/opt/gcc-arm-none-eabi-7-2018-q2-update/bin/../lib/gcc/arm-none-eabi/7.3.1/../../../../arm-none-eabi/lib/thumb/v7e-m/fpv4-sp/hard/libc_nano.a(lib_a-printf.o)
                              build/usbd_core.o (printf)
/home/jaxc/opt/gcc-arm-none-eabi-7-2018-q2-update/bin/../lib/gcc/arm-none-eabi/7.3.1/../../../../arm-none-eabi/lib/thumb/v7e-m/fpv4-sp/hard/libc_nano.a(lib_a-putchar.o)
                              build/usbd_core.o (putchar)
/home/jaxc/opt/gcc-arm-none-eabi-7-2018-q2-update/bin/../lib/gcc/arm-none-eabi/7.3.1/../../../../arm-none-eabi/lib/thumb/v7e-m/fpv4-sp/hard/libc_nano.a(lib_a-sbrkr.o)
                              /home/jaxc/opt/gcc-arm-none-eabi-7-2018-q2-update/bin/../lib/gcc/arm-none-eabi/7.3.1/../../../../arm-none-eabi/lib/thumb/v7e-m/fpv4-sp/hard/libc_nano.a(lib_a-nano-mallocr.o) (_sbrk_r)
/home/jaxc/opt/gcc-arm-none-eabi-7-2018-q2-update/bin/../lib/gcc/arm-none-eabi/7.3.1/../../../../arm-none-eabi/lib/thumb/v7e-m/fpv4-sp/hard/libc_nano.a(lib_a-findfp.o)
                              /home/jaxc/opt/gcc-arm-none-eabi-7-2018-q2-update/bin/../lib/gcc/arm-none-eabi/7.3.1/../../../../arm-none-eabi/lib/thumb/v7e-m/fpv4-sp/hard/libc_nano.a(lib_a-printf.o) (__sinit)
/home/jaxc/opt/gcc-arm-none-eabi-7-2018-q2-update/bin/../lib/gcc/arm-none-eabi/7.3.1/../../../../arm-none-eabi/lib/thumb/v7e-m/fpv4-sp/hard/libc_nano.a(lib_a-fwalk.o)
                              /home/jaxc/opt/gcc-arm-none-eabi-7-2018-q2-update/bin/../lib/gcc/arm-none-eabi/7.3.1/../../../../arm-none-eabi/lib/thumb/v7e-m/fpv4-sp/hard/libc_nano.a(lib_a-findfp.o) (_fwalk)
/home/jaxc/opt/gcc-arm-none-eabi-7-2018-q2-update/bin/../lib/gcc/arm-none-eabi/7.3.1/../../../../arm-none-eabi/lib/thumb/v7e-m/fpv4-sp/hard/libc_nano.a(lib_a-mlock.o)
                              /home/jaxc/opt/gcc-arm-none-eabi-7-2018-q2-update/bin/../lib/gcc/arm-none-eabi/7.3.1/../../../../arm-none-eabi/lib/thumb/v7e-m/fpv4-sp/hard/libc_nano.a(lib_a-nano-freer.o) (__malloc_lock)
/home/jaxc/opt/gcc-arm-none-eabi-7-2018-q2-update/bin/../lib/gcc/arm-none-eabi/7.3.1/../../../../arm-none-eabi/lib/thumb/v7e-m/fpv4-sp/hard/libc_nano.a(lib_a-nano-vfprintf.o)
                              /home/jaxc/opt/gcc-arm-none-eabi-7-2018-q2-update/bin/../lib/gcc/arm-none-eabi/7.3.1/../../../../arm-none-eabi/lib/thumb/v7e-m/fpv4-sp/hard/libc_nano.a(lib_a-printf.o) (_vfprintf_r)
[...]
Memory Configuration

Name             Origin             Length             Attributes
RAM              0x0000000020000000 0x0000000000040000 xrw
FLASH            0x0000000008000000 0x0000000000080000 xr
*default*        0x0000000000000000 0xffffffffffffffff

Linker script and memory map

LOAD /home/jaxc/opt/gcc-arm-none-eabi-7-2018-q2-update/bin/../lib/gcc/arm-none-eabi/7.3.1/thumb/v7e-m/fpv4-sp/hard/crti.o
LOAD /home/jaxc/opt/gcc-arm-none-eabi-7-2018-q2-update/bin/../lib/gcc/arm-none-eabi/7.3.1/thumb/v7e-m/fpv4-sp/hard/crtbegin.o
LOAD /home/jaxc/opt/gcc-arm-none-eabi-7-2018-q2-update/bin/../lib/gcc/arm-none-eabi/7.3.1/../../../../arm-none-eabi/lib/thumb/v7e-m/fpv4-sp/hard/crt0.o
LOAD build/main.o
LOAD build/stm32f7xx_it.o
LOAD build/stm32f7xx_hal_msp.o
LOAD build/stm32f7xx_hal_cortex.o
LOAD build/stm32f7xx_hal_tim.o
LOAD build/stm32f7xx_hal_tim_ex.o
LOAD build/stm32f7xx_hal_uart.o
LOAD build/stm32f7xx_hal_pcd.o
LOAD build/stm32f7xx_hal_pcd_ex.o
LOAD build/stm32f7xx_ll_usb.o
LOAD build/stm32f7xx_hal_rcc.o
LOAD build/stm32f7xx_hal_rcc_ex.o
LOAD build/stm32f7xx_hal_flash.o
LOAD build/stm32f7xx_hal_flash_ex.o
LOAD build/stm32f7xx_hal_gpio.o
LOAD build/stm32f7xx_hal_dma.o
LOAD build/stm32f7xx_hal_dma_ex.o
LOAD build/stm32f7xx_hal_pwr.o
LOAD build/stm32f7xx_hal_pwr_ex.o
LOAD build/stm32f7xx_hal.o
LOAD build/stm32f7xx_hal_i2c.o
LOAD build/stm32f7xx_hal_i2c_ex.o
LOAD build/system_stm32f7xx.o
LOAD build/usb_device.o
LOAD build/usbd_conf.o
LOAD build/usbd_desc.o
LOAD build/usbd_core.o
LOAD build/usbd_ctlreq.o
LOAD build/usbd_ioreq.o
LOAD build/usbd_cdc_if.o
LOAD build/usbd_cdc.o
LOAD build/startup_stm32f722xx.o
LOAD /home/jaxc/opt/gcc-arm-none-eabi-7-2018-q2-update/bin/../lib/gcc/arm-none-eabi/7.3.1/../../../../arm-none-eabi/lib/thumb/v7e-m/fpv4-sp/hard/libc_nano.a
LOAD /home/jaxc/opt/gcc-arm-none-eabi-7-2018-q2-update/bin/../lib/gcc/arm-none-eabi/7.3.1/../../../../arm-none-eabi/lib/thumb/v7e-m/fpv4-sp/hard/libm.a
LOAD /home/jaxc/opt/gcc-arm-none-eabi-7-2018-q2-update/bin/../lib/gcc/arm-none-eabi/7.3.1/../../../../arm-none-eabi/lib/thumb/v7e-m/fpv4-sp/hard/libnosys.a
START GROUP
LOAD /home/jaxc/opt/gcc-arm-none-eabi-7-2018-q2-update/bin/../lib/gcc/arm-none-eabi/7.3.1/thumb/v7e-m/fpv4-sp/hard/libgcc.a
LOAD /home/jaxc/opt/gcc-arm-none-eabi-7-2018-q2-update/bin/../lib/gcc/arm-none-eabi/7.3.1/../../../../arm-none-eabi/lib/thumb/v7e-m/fpv4-sp/hard/libc_nano.a
END GROUP
START GROUP
LOAD /home/jaxc/opt/gcc-arm-none-eabi-7-2018-q2-update/bin/../lib/gcc/arm-none-eabi/7.3.1/thumb/v7e-m/fpv4-sp/hard/libgcc.a
LOAD /home/jaxc/opt/gcc-arm-none-eabi-7-2018-q2-update/bin/../lib/gcc/arm-none-eabi/7.3.1/../../../../arm-none-eabi/lib/thumb/v7e-m/fpv4-sp/hard/libc_nano.a
END GROUP
LOAD /home/jaxc/opt/gcc-arm-none-eabi-7-2018-q2-update/bin/../lib/gcc/arm-none-eabi/7.3.1/thumb/v7e-m/fpv4-sp/hard/crtend.o
LOAD /home/jaxc/opt/gcc-arm-none-eabi-7-2018-q2-update/bin/../lib/gcc/arm-none-eabi/7.3.1/thumb/v7e-m/fpv4-sp/hard/crtn.o
                0x0000000020040000                _estack = 0x20040000
                0x0000000000000200                _Min_Heap_Size = 0x200
                0x0000000000000400                _Min_Stack_Size = 0x400

.isr_vector     0x0000000008000000      0x1e0
                0x0000000008000000                . = ALIGN (0x4)
 *(.isr_vector)
 .isr_vector    0x0000000008000000      0x1e0 build/startup_stm32f722xx.o
                0x0000000008000000                g_pfnVectors
                0x00000000080001e0                . = ALIGN (0x4)

.text           0x00000000080001e0     0x5170
                0x00000000080001e0                . = ALIGN (0x4)
 *(.text)
 .text          0x00000000080001e0       0x40 /home/jaxc/opt/gcc-arm-none-eabi-7-2018-q2-update/bin/../lib/gcc/arm-none-eabi/7.3.1/thumb/v7e-m/fpv4-sp/hard/crtbegin.o
 .text          0x0000000008000220       0xa0 /home/jaxc/opt/gcc-arm-none-eabi-7-2018-q2-update/bin/../lib/gcc/arm-none-eabi/7.3.1/../../../../arm-none-eabi/lib/thumb/v7e-m/fpv4-sp/hard/libc_nano.a(lib_a-memchr.o)
                0x0000000008000220                memchr
 .text          0x00000000080002c0       0x30 /home/jaxc/opt/gcc-arm-none-eabi-7-2018-q2-update/bin/../lib/gcc/arm-none-eabi/7.3.1/thumb/v7e-m/fpv4-sp/hard/libgcc.a(_aeabi_uldivmod.o)
                0x00000000080002c0                __aeabi_uldivmod
 .text          0x00000000080002f0      0x2cc /home/jaxc/opt/gcc-arm-none-eabi-7-2018-q2-update/bin/../lib/gcc/arm-none-eabi/7.3.1/thumb/v7e-m/fpv4-sp/hard/libgcc.a(_udivmoddi4.o)
                0x00000000080002f0                __udivmoddi4
 .text          0x00000000080005bc        0x4 /home/jaxc/opt/gcc-arm-none-eabi-7-2018-q2-update/bin/../lib/gcc/arm-none-eabi/7.3.1/thumb/v7e-m/fpv4-sp/hard/libgcc.a(_dvmd_tls.o)
                0x00000000080005bc                __aeabi_ldiv0
                0x00000000080005bc                __aeabi_idiv0
 *(.text*)
 .text.MX_GPIO_Init
                0x00000000080005c0       0xfc build/main.o
 .text.MX_USART3_UART_Init
                0x00000000080006bc       0x30 build/main.o
 .text.SystemClock_Config
                0x00000000080006ec       0xb4 build/main.o
                0x00000000080006ec                SystemClock_Config
 .text.main     0x00000000080007a0       0x18 build/main.o
                0x00000000080007a0                main
 .text.Error_Handler
                0x00000000080007b8        0x2 build/main.o
                0x00000000080007b8                Error_Handler
 .text.NMI_Handler
                0x00000000080007ba        0x2 build/stm32f7xx_it.o
                0x00000000080007ba                NMI_Handler
 .text.HardFault_Handler
                0x00000000080007bc        0x2 build/stm32f7xx_it.o
                0x00000000080007bc                HardFault_Handler
 .text.MemManage_Handler
                0x00000000080007be        0x2 build/stm32f7xx_it.o
                0x00000000080007be                MemManage_Handler
 .text.BusFault_Handler
                0x00000000080007c0        0x2 build/stm32f7xx_it.o
                0x00000000080007c0                BusFault_Handler
 .text.UsageFault_Handler
                0x00000000080007c2        0x2 build/stm32f7xx_it.o
                0x00000000080007c2                UsageFault_Handler
 .text.SVC_Handler
                0x00000000080007c4        0x2 build/stm32f7xx_it.o
                0x00000000080007c4                SVC_Handler
 .text.DebugMon_Handler
                0x00000000080007c6        0x2 build/stm32f7xx_it.o
                0x00000000080007c6                DebugMon_Handler
 .text.PendSV_Handler
                0x00000000080007c8        0x2 build/stm32f7xx_it.o
                0x00000000080007c8                PendSV_Handler
 .text.SysTick_Handler
                0x00000000080007ca        0x8 build/stm32f7xx_it.o
                0x00000000080007ca                SysTick_Handler
 *fill*         0x00000000080007d2        0x2 
 .text.OTG_FS_IRQHandler
                0x00000000080007d4       0x10 build/stm32f7xx_it.o
                0x00000000080007d4                OTG_FS_IRQHandler
 .text.HAL_MspInit
                0x00000000080007e4       0x30 build/stm32f7xx_hal_msp.o
                0x00000000080007e4                HAL_MspInit
 .text.HAL_UART_MspInit
                0x0000000008000814       0x6c build/stm32f7xx_hal_msp.o
                0x0000000008000814                HAL_UART_MspInit
 .text.HAL_NVIC_SetPriorityGrouping
                0x0000000008000880       0x24 build/stm32f7xx_hal_cortex.o
                0x0000000008000880                HAL_NVIC_SetPriorityGrouping
 .text.HAL_NVIC_SetPriority
                0x00000000080008a4       0x64 build/stm32f7xx_hal_cortex.o
                0x00000000080008a4                HAL_NVIC_SetPriority
 .text.HAL_NVIC_EnableIRQ
                0x0000000008000908       0x18 build/stm32f7xx_hal_cortex.o
                0x0000000008000908                HAL_NVIC_EnableIRQ
 .text.HAL_SYSTICK_Config
                0x0000000008000920       0x2c build/stm32f7xx_hal_cortex.o
                0x0000000008000920                HAL_SYSTICK_Config
 .text.UART_WaitOnFlagUntilTimeout
                0x000000000800094c       0x62 build/stm32f7xx_hal_uart.o
                0x000000000800094c                UART_WaitOnFlagUntilTimeout
 *fill*         0x00000000080009ae        0x2 
 .text.UART_SetConfig
                0x00000000080009b0      0x35c build/stm32f7xx_hal_uart.o
                0x00000000080009b0                UART_SetConfig
 .text.UART_AdvFeatureConfig
                0x0000000008000d0c       0xca build/stm32f7xx_hal_uart.o
                0x0000000008000d0c                UART_AdvFeatureConfig
 .text.UART_CheckIdleState
                0x0000000008000dd6       0x48 build/stm32f7xx_hal_uart.o
                0x0000000008000dd6                UART_CheckIdleState
 .text.HAL_UART_Init
                0x0000000008000e1e       0x66 build/stm32f7xx_hal_uart.o
                0x0000000008000e1e                HAL_UART_Init
 .text.PCD_WriteEmptyTxFifo
                0x0000000008000e84       0xac build/stm32f7xx_hal_pcd.o
 .text.HAL_PCD_Init
                0x0000000008000f30      0x104 build/stm32f7xx_hal_pcd.o
                0x0000000008000f30                HAL_PCD_Init
 .text.HAL_PCD_Start
                0x0000000008001034       0x2a build/stm32f7xx_hal_pcd.o
                0x0000000008001034                HAL_PCD_Start
 *fill*         0x000000000800105e        0x2 
 .text.HAL_PCD_IRQHandler
                0x0000000008001060      0x6d0 build/stm32f7xx_hal_pcd.o
                0x0000000008001060                HAL_PCD_IRQHandler
 .text.HAL_PCD_SetAddress
                0x0000000008001730       0x28 build/stm32f7xx_hal_pcd.o
                0x0000000008001730                HAL_PCD_SetAddress
 .text.HAL_PCD_EP_Open
                0x0000000008001758       0x82 build/stm32f7xx_hal_pcd.o
                0x0000000008001758                HAL_PCD_EP_Open
 .text.HAL_PCD_EP_Close
                0x00000000080017da       0x6e build/stm32f7xx_hal_pcd.o
                0x00000000080017da                HAL_PCD_EP_Close
 .text.HAL_PCD_EP_Receive
                0x0000000008001848       0x5c build/stm32f7xx_hal_pcd.o
                0x0000000008001848                HAL_PCD_EP_Receive
 .text.HAL_PCD_EP_GetRxCount
                0x00000000080018a4       0x12 build/stm32f7xx_hal_pcd.o
                0x00000000080018a4                HAL_PCD_EP_GetRxCount
 .text.HAL_PCD_EP_Transmit
                0x00000000080018b6       0x54 build/stm32f7xx_hal_pcd.o
                0x00000000080018b6                HAL_PCD_EP_Transmit
 .text.HAL_PCD_EP_SetStall
                0x000000000800190a       0x82 build/stm32f7xx_hal_pcd.o
                0x000000000800190a                HAL_PCD_EP_SetStall
 .text.HAL_PCD_EP_ClrStall
                0x000000000800198c       0x6e build/stm32f7xx_hal_pcd.o
                0x000000000800198c                HAL_PCD_EP_ClrStall
 .text.HAL_PCDEx_SetTxFiFo
                0x00000000080019fa       0x48 build/stm32f7xx_hal_pcd_ex.o
                0x00000000080019fa                HAL_PCDEx_SetTxFiFo
 .text.HAL_PCDEx_SetRxFiFo
                0x0000000008001a42        0x8 build/stm32f7xx_hal_pcd_ex.o
                0x0000000008001a42                HAL_PCDEx_SetRxFiFo
 *fill*         0x0000000008001a4a        0x2 
 .text.HAL_PCDEx_ActivateLPM
                0x0000000008001a4c       0x28 build/stm32f7xx_hal_pcd_ex.o
                0x0000000008001a4c                HAL_PCDEx_ActivateLPM
 .text.USB_CoreReset
                0x0000000008001a74       0x3c build/stm32f7xx_ll_usb.o
 .text.USB_CoreInit
                0x0000000008001ab0       0x7c build/stm32f7xx_ll_usb.o
                0x0000000008001ab0                USB_CoreInit
 .text.USB_EnableGlobalInt
                0x0000000008001b2c        0xc build/stm32f7xx_ll_usb.o
                0x0000000008001b2c                USB_EnableGlobalInt
 .text.USB_DisableGlobalInt
                0x0000000008001b38        0xc build/stm32f7xx_ll_usb.o
                0x0000000008001b38                USB_DisableGlobalInt
 .text.USB_SetCurrentMode
                0x0000000008001b44       0x30 build/stm32f7xx_ll_usb.o
                0x0000000008001b44                USB_SetCurrentMode
 .text.USB_FlushTxFifo
                0x0000000008001b74       0x28 build/stm32f7xx_ll_usb.o
                0x0000000008001b74                USB_FlushTxFifo
 .text.USB_FlushRxFifo
                0x0000000008001b9c       0x24 build/stm32f7xx_ll_usb.o
                0x0000000008001b9c                USB_FlushRxFifo
 .text.USB_SetDevSpeed
                0x0000000008001bc0        0xe build/stm32f7xx_ll_usb.o
                0x0000000008001bc0                USB_SetDevSpeed
 *fill*         0x0000000008001bce        0x2 
 .text.USB_DevInit
                0x0000000008001bd0      0x1a4 build/stm32f7xx_ll_usb.o
                0x0000000008001bd0                USB_DevInit
 .text.USB_GetDevSpeed
                0x0000000008001d74       0x26 build/stm32f7xx_ll_usb.o
                0x0000000008001d74                USB_GetDevSpeed
 *fill*         0x0000000008001d9a        0x2 
 .text.USB_ActivateEndpoint
                0x0000000008001d9c       0x90 build/stm32f7xx_ll_usb.o
                0x0000000008001d9c                USB_ActivateEndpoint
 .text.USB_DeactivateEndpoint
                0x0000000008001e2c       0x90 build/stm32f7xx_ll_usb.o
                0x0000000008001e2c                USB_DeactivateEndpoint
 .text.USB_EP0StartXfer
                0x0000000008001ebc      0x100 build/stm32f7xx_ll_usb.o
                0x0000000008001ebc                USB_EP0StartXfer
 .text.USB_WritePacket
                0x0000000008001fbc       0x28 build/stm32f7xx_ll_usb.o
                0x0000000008001fbc                USB_WritePacket
 .text.USB_EPStartXfer
                0x0000000008001fe4      0x1e0 build/stm32f7xx_ll_usb.o
                0x0000000008001fe4                USB_EPStartXfer
 .text.USB_ReadPacket
                0x00000000080021c4       0x28 build/stm32f7xx_ll_usb.o
                0x00000000080021c4                USB_ReadPacket
 .text.USB_EPSetStall
                0x00000000080021ec       0x5a build/stm32f7xx_ll_usb.o
                0x00000000080021ec                USB_EPSetStall
 .text.USB_EPClearStall
                0x0000000008002246       0x5c build/stm32f7xx_ll_usb.o
                0x0000000008002246                USB_EPClearStall
 .text.USB_SetDevAddress
                0x00000000080022a2       0x20 build/stm32f7xx_ll_usb.o
                0x00000000080022a2                USB_SetDevAddress
 .text.USB_DevConnect
                0x00000000080022c2       0x18 build/stm32f7xx_ll_usb.o
                0x00000000080022c2                USB_DevConnect
 .text.USB_DevDisconnect
                0x00000000080022da       0x18 build/stm32f7xx_ll_usb.o
                0x00000000080022da                USB_DevDisconnect
 .text.USB_ReadInterrupts
                0x00000000080022f2        0x8 build/stm32f7xx_ll_usb.o
                0x00000000080022f2                USB_ReadInterrupts
 .text.USB_ReadDevAllOutEpInterrupt
                0x00000000080022fa       0x10 build/stm32f7xx_ll_usb.o
                0x00000000080022fa                USB_ReadDevAllOutEpInterrupt
 .text.USB_ReadDevAllInEpInterrupt
                0x000000000800230a       0x10 build/stm32f7xx_ll_usb.o
                0x000000000800230a                USB_ReadDevAllInEpInterrupt
 .text.USB_ReadDevOutEPInterrupt
                0x000000000800231a       0x12 build/stm32f7xx_ll_usb.o
                0x000000000800231a                USB_ReadDevOutEPInterrupt
 .text.USB_ReadDevInEPInterrupt
                0x000000000800232c       0x28 build/stm32f7xx_ll_usb.o
                0x000000000800232c                USB_ReadDevInEPInterrupt
 .text.USB_GetMode
                0x0000000008002354        0x8 build/stm32f7xx_ll_usb.o
                0x0000000008002354                USB_GetMode
 .text.USB_ActivateSetup
                0x000000000800235c       0x38 build/stm32f7xx_ll_usb.o
                0x000000000800235c                USB_ActivateSetup
 .text.USB_EP0_OutStart
                0x0000000008002394       0x46 build/stm32f7xx_ll_usb.o
                0x0000000008002394                USB_EP0_OutStart
 *fill*         0x00000000080023da        0x2 
 .text.HAL_RCC_OscConfig
                0x00000000080023dc      0x3d4 build/stm32f7xx_hal_rcc.o
                0x00000000080023dc                HAL_RCC_OscConfig
 .text.HAL_RCC_GetSysClockFreq
                0x00000000080027b0       0xa8 build/stm32f7xx_hal_rcc.o
                0x00000000080027b0                HAL_RCC_GetSysClockFreq
 .text.HAL_RCC_ClockConfig
                0x0000000008002858      0x164 build/stm32f7xx_hal_rcc.o
                0x0000000008002858                HAL_RCC_ClockConfig
 .text.HAL_RCC_GetHCLKFreq
                0x00000000080029bc        0xc build/stm32f7xx_hal_rcc.o
                0x00000000080029bc                HAL_RCC_GetHCLKFreq
 .text.HAL_RCC_GetPCLK1Freq
                0x00000000080029c8       0x20 build/stm32f7xx_hal_rcc.o
                0x00000000080029c8                HAL_RCC_GetPCLK1Freq
 .text.HAL_RCC_GetPCLK2Freq
                0x00000000080029e8       0x20 build/stm32f7xx_hal_rcc.o
                0x00000000080029e8                HAL_RCC_GetPCLK2Freq
 .text.HAL_RCCEx_PeriphCLKConfig
                0x0000000008002a08      0x4e8 build/stm32f7xx_hal_rcc_ex.o
                0x0000000008002a08                HAL_RCCEx_PeriphCLKConfig
 .text.HAL_GPIO_Init
                0x0000000008002ef0      0x1c8 build/stm32f7xx_hal_gpio.o
                0x0000000008002ef0                HAL_GPIO_Init
 .text.HAL_GPIO_WritePin
                0x00000000080030b8        0xc build/stm32f7xx_hal_gpio.o
                0x00000000080030b8                HAL_GPIO_WritePin
 .text.HAL_PWR_EnableBkUpAccess
                0x00000000080030c4       0x10 build/stm32f7xx_hal_pwr.o
                0x00000000080030c4                HAL_PWR_EnableBkUpAccess
 .text.HAL_InitTick
                0x00000000080030d4       0x4c build/stm32f7xx_hal.o
                0x00000000080030d4                HAL_InitTick
 .text.HAL_Init
                0x0000000008003120       0x16 build/stm32f7xx_hal.o
                0x0000000008003120                HAL_Init
 *fill*         0x0000000008003136        0x2 
 .text.HAL_IncTick
                0x0000000008003138       0x18 build/stm32f7xx_hal.o
                0x0000000008003138                HAL_IncTick
 .text.HAL_GetTick
                0x0000000008003150        0xc build/stm32f7xx_hal.o
                0x0000000008003150                HAL_GetTick
 .text.HAL_Delay
                0x000000000800315c       0x28 build/stm32f7xx_hal.o
                0x000000000800315c                HAL_Delay
 .text.SystemInit
                0x0000000008003184       0x50 build/system_stm32f7xx.o
                0x0000000008003184                SystemInit
 .text.MX_USB_DEVICE_Init
                0x00000000080031d4       0x38 build/usb_device.o
                0x00000000080031d4                MX_USB_DEVICE_Init
 .text.HAL_PCD_MspInit
                0x000000000800320c       0x84 build/usbd_conf.o
                0x000000000800320c                HAL_PCD_MspInit
 .text.HAL_PCD_SetupStageCallback
                0x0000000008003290       0x10 build/usbd_conf.o
                0x0000000008003290                HAL_PCD_SetupStageCallback
 .text.HAL_PCD_DataOutStageCallback
                0x00000000080032a0       0x18 build/usbd_conf.o
                0x00000000080032a0                HAL_PCD_DataOutStageCallback
 .text.HAL_PCD_DataInStageCallback
                0x00000000080032b8       0x16 build/usbd_conf.o
                0x00000000080032b8                HAL_PCD_DataInStageCallback
 .text.HAL_PCD_SOFCallback
                0x00000000080032ce        0xc build/usbd_conf.o
                0x00000000080032ce                HAL_PCD_SOFCallback
 .text.HAL_PCD_ResetCallback
                0x00000000080032da       0x20 build/usbd_conf.o
                0x00000000080032da                HAL_PCD_ResetCallback
 *fill*         0x00000000080032fa        0x2 
 .text.HAL_PCD_SuspendCallback
                0x00000000080032fc       0x30 build/usbd_conf.o
                0x00000000080032fc                HAL_PCD_SuspendCallback
 .text.HAL_PCD_ResumeCallback
                0x000000000800332c        0xc build/usbd_conf.o
                0x000000000800332c                HAL_PCD_ResumeCallback
 .text.HAL_PCD_ISOOUTIncompleteCallback
                0x0000000008003338        0xc build/usbd_conf.o
                0x0000000008003338                HAL_PCD_ISOOUTIncompleteCallback
 .text.HAL_PCD_ISOINIncompleteCallback
                0x0000000008003344        0xc build/usbd_conf.o
                0x0000000008003344                HAL_PCD_ISOINIncompleteCallback
 .text.HAL_PCD_ConnectCallback
                0x0000000008003350        0xc build/usbd_conf.o
                0x0000000008003350                HAL_PCD_ConnectCallback
 .text.HAL_PCD_DisconnectCallback
                0x000000000800335c        0xc build/usbd_conf.o
                0x000000000800335c                HAL_PCD_DisconnectCallback
 .text.USBD_LL_Init
                0x0000000008003368       0x68 build/usbd_conf.o
                0x0000000008003368                USBD_LL_Init
 .text.USBD_LL_Start
                0x00000000080033d0       0x1c build/usbd_conf.o
                0x00000000080033d0                USBD_LL_Start
 .text.USBD_LL_OpenEP
                0x00000000080033ec       0x22 build/usbd_conf.o
                0x00000000080033ec                USBD_LL_OpenEP
 .text.USBD_LL_CloseEP
                0x000000000800340e       0x1c build/usbd_conf.o
                0x000000000800340e                USBD_LL_CloseEP
 .text.USBD_LL_StallEP
                0x000000000800342a       0x1c build/usbd_conf.o
                0x000000000800342a                USBD_LL_StallEP
 .text.USBD_LL_ClearStallEP
                0x0000000008003446       0x1c build/usbd_conf.o
                0x0000000008003446                USBD_LL_ClearStallEP
 .text.USBD_LL_IsStallEP
                0x0000000008003462       0x2e build/usbd_conf.o
                0x0000000008003462                USBD_LL_IsStallEP
 .text.USBD_LL_SetUSBAddress
                0x0000000008003490       0x1c build/usbd_conf.o
                0x0000000008003490                USBD_LL_SetUSBAddress
 .text.USBD_LL_Transmit
                0x00000000080034ac       0x1c build/usbd_conf.o
                0x00000000080034ac                USBD_LL_Transmit
 .text.USBD_LL_PrepareReceive
                0x00000000080034c8       0x1c build/usbd_conf.o
                0x00000000080034c8                USBD_LL_PrepareReceive
 .text.USBD_LL_GetRxDataSize
                0x00000000080034e4        0xc build/usbd_conf.o
                0x00000000080034e4                USBD_LL_GetRxDataSize
 .text.HAL_PCDEx_LPM_Callback
                0x00000000080034f0       0x64 build/usbd_conf.o
                0x00000000080034f0                HAL_PCDEx_LPM_Callback
 .text.USBD_FS_DeviceDescriptor
                0x0000000008003554        0xc build/usbd_desc.o
                0x0000000008003554                USBD_FS_DeviceDescriptor
 .text.USBD_FS_LangIDStrDescriptor
                0x0000000008003560        0xc build/usbd_desc.o
                0x0000000008003560                USBD_FS_LangIDStrDescriptor
 .text.USBD_FS_USR_BOSDescriptor
                0x000000000800356c        0xc build/usbd_desc.o
                0x000000000800356c                USBD_FS_USR_BOSDescriptor
 .text.USBD_FS_ProductStrDescriptor
                0x0000000008003578       0x24 build/usbd_desc.o
                0x0000000008003578                USBD_FS_ProductStrDescriptor
 .text.USBD_FS_ManufacturerStrDescriptor
                0x000000000800359c       0x1c build/usbd_desc.o
                0x000000000800359c                USBD_FS_ManufacturerStrDescriptor
 .text.USBD_FS_SerialStrDescriptor
                0x00000000080035b8       0x24 build/usbd_desc.o
                0x00000000080035b8                USBD_FS_SerialStrDescriptor
 .text.USBD_FS_ConfigStrDescriptor
                0x00000000080035dc       0x24 build/usbd_desc.o
                0x00000000080035dc                USBD_FS_ConfigStrDescriptor
 .text.USBD_FS_InterfaceStrDescriptor
                0x0000000008003600       0x24 build/usbd_desc.o
                0x0000000008003600                USBD_FS_InterfaceStrDescriptor
 .text.USBD_Init
                0x0000000008003624       0x48 build/usbd_core.o
                0x0000000008003624                USBD_Init
 .text.USBD_RegisterClass
                0x000000000800366c       0x2c build/usbd_core.o
                0x000000000800366c                USBD_RegisterClass
 .text.USBD_Start
                0x0000000008003698        0xa build/usbd_core.o
                0x0000000008003698                USBD_Start
 .text.USBD_SetClassConfig
                0x00000000080036a2       0x1a build/usbd_core.o
                0x00000000080036a2                USBD_SetClassConfig
 .text.USBD_ClrClassConfig
                0x00000000080036bc        0xe build/usbd_core.o
                0x00000000080036bc                USBD_ClrClassConfig
 .text.USBD_LL_SetupStage
                0x00000000080036ca       0x5a build/usbd_core.o
                0x00000000080036ca                USBD_LL_SetupStage
 .text.USBD_LL_DataOutStage
                0x0000000008003724       0x8c build/usbd_core.o
                0x0000000008003724                USBD_LL_DataOutStage
 .text.USBD_LL_DataInStage
                0x00000000080037b0       0xd6 build/usbd_core.o
                0x00000000080037b0                USBD_LL_DataInStage
 .text.USBD_LL_Reset
                0x0000000008003886       0x50 build/usbd_core.o
                0x0000000008003886                USBD_LL_Reset
 .text.USBD_LL_SetSpeed
                0x00000000080038d6        0x6 build/usbd_core.o
                0x00000000080038d6                USBD_LL_SetSpeed
 .text.USBD_LL_Suspend
                0x00000000080038dc       0x12 build/usbd_core.o
                0x00000000080038dc                USBD_LL_Suspend
 .text.USBD_LL_Resume
                0x00000000080038ee        0xc build/usbd_core.o
                0x00000000080038ee                USBD_LL_Resume
 .text.USBD_LL_SOF
                0x00000000080038fa       0x1c build/usbd_core.o
                0x00000000080038fa                USBD_LL_SOF
 .text.USBD_LL_IsoINIncomplete
                0x0000000008003916        0x4 build/usbd_core.o
                0x0000000008003916                USBD_LL_IsoINIncomplete
 .text.USBD_LL_IsoOUTIncomplete
                0x000000000800391a        0x4 build/usbd_core.o
                0x000000000800391a                USBD_LL_IsoOUTIncomplete
 .text.USBD_LL_DevConnected
                0x000000000800391e        0x4 build/usbd_core.o
                0x000000000800391e                USBD_LL_DevConnected
 .text.USBD_LL_DevDisconnected
                0x0000000008003922       0x16 build/usbd_core.o
                0x0000000008003922                USBD_LL_DevDisconnected
 .text.USBD_GetLen
                0x0000000008003938       0x14 build/usbd_ctlreq.o
 .text.USBD_SetFeature
                0x000000000800394c       0x14 build/usbd_ctlreq.o
 .text.USBD_ParseSetupRequest
                0x0000000008003960       0x28 build/usbd_ctlreq.o
                0x0000000008003960                USBD_ParseSetupRequest
 .text.USBD_CtlError
                0x0000000008003988       0x14 build/usbd_ctlreq.o
                0x0000000008003988                USBD_CtlError
 .text.USBD_GetDescriptor
                0x000000000800399c      0x15a build/usbd_ctlreq.o
 .text.USBD_SetAddress
                0x0000000008003af6       0x4e build/usbd_ctlreq.o
 .text.USBD_SetConfig
                0x0000000008003b44       0xb0 build/usbd_ctlreq.o
 .text.USBD_GetConfig
                0x0000000008003bf4       0x3c build/usbd_ctlreq.o
 .text.USBD_GetStatus
                0x0000000008003c30       0x38 build/usbd_ctlreq.o
 .text.USBD_ClrFeature
                0x0000000008003c68       0x26 build/usbd_ctlreq.o
 .text.USBD_StdDevReq
                0x0000000008003c8e       0x68 build/usbd_ctlreq.o
                0x0000000008003c8e                USBD_StdDevReq
 .text.USBD_StdItfReq
                0x0000000008003cf6       0x60 build/usbd_ctlreq.o
                0x0000000008003cf6                USBD_StdItfReq
 .text.USBD_StdEPReq
                0x0000000008003d56      0x23c build/usbd_ctlreq.o
                0x0000000008003d56                USBD_StdEPReq
 .text.USBD_GetString
                0x0000000008003f92       0x38 build/usbd_ctlreq.o
                0x0000000008003f92                USBD_GetString
 .text.USBD_CtlSendData
                0x0000000008003fca       0x1a build/usbd_ioreq.o
                0x0000000008003fca                USBD_CtlSendData
 .text.USBD_CtlContinueSendData
                0x0000000008003fe4       0x10 build/usbd_ioreq.o
                0x0000000008003fe4                USBD_CtlContinueSendData
 .text.USBD_CtlPrepareRx
                0x0000000008003ff4       0x1e build/usbd_ioreq.o
                0x0000000008003ff4                USBD_CtlPrepareRx
 .text.USBD_CtlContinueRx
                0x0000000008004012       0x10 build/usbd_ioreq.o
                0x0000000008004012                USBD_CtlContinueRx
 .text.USBD_CtlSendStatus
                0x0000000008004022       0x16 build/usbd_ioreq.o
                0x0000000008004022                USBD_CtlSendStatus
 .text.USBD_CtlReceiveStatus
                0x0000000008004038       0x16 build/usbd_ioreq.o
                0x0000000008004038                USBD_CtlReceiveStatus
 .text.CDC_DeInit_FS
                0x000000000800404e        0x4 build/usbd_cdc_if.o
 .text.CDC_Control_FS
                0x0000000008004052        0x4 build/usbd_cdc_if.o
 *fill*         0x0000000008004056        0x2 
 .text.CDC_Receive_FS
                0x0000000008004058       0x1c build/usbd_cdc_if.o
 .text.CDC_Init_FS
                0x0000000008004074       0x28 build/usbd_cdc_if.o
 .text.USBD_CDC_EP0_RxReady
                0x000000000800409c       0x28 build/usbd_cdc.o
 .text.USBD_CDC_GetFSCfgDesc
                0x00000000080040c4        0xc build/usbd_cdc.o
 .text.USBD_CDC_GetHSCfgDesc
                0x00000000080040d0        0xc build/usbd_cdc.o
 .text.USBD_CDC_GetOtherSpeedCfgDesc
                0x00000000080040dc        0xc build/usbd_cdc.o
 .text.USBD_CDC_GetDeviceQualifierDescriptor
                0x00000000080040e8        0xc build/usbd_cdc.o
                0x00000000080040e8                USBD_CDC_GetDeviceQualifierDescriptor
 .text.USBD_CDC_DataOut
                0x00000000080040f4       0x2e build/usbd_cdc.o
 .text.USBD_CDC_DataIn
                0x0000000008004122       0x50 build/usbd_cdc.o
 .text.USBD_CDC_Setup
                0x0000000008004172       0xda build/usbd_cdc.o
 .text.USBD_CDC_DeInit
                0x000000000800424c       0x42 build/usbd_cdc.o
 .text.USBD_CDC_Init
                0x000000000800428e       0xaa build/usbd_cdc.o
 .text.USBD_CDC_RegisterInterface
                0x0000000008004338        0xe build/usbd_cdc.o
                0x0000000008004338                USBD_CDC_RegisterInterface
 .text.USBD_CDC_SetTxBuffer
                0x0000000008004346       0x10 build/usbd_cdc.o
                0x0000000008004346                USBD_CDC_SetTxBuffer
 .text.USBD_CDC_SetRxBuffer
                0x0000000008004356        0xc build/usbd_cdc.o
                0x0000000008004356                USBD_CDC_SetRxBuffer
 .text.USBD_CDC_ReceivePacket
                0x0000000008004362       0x32 build/usbd_cdc.o
                0x0000000008004362                USBD_CDC_ReceivePacket
 .text.Reset_Handler
                0x0000000008004394       0x50 build/startup_stm32f722xx.o
                0x0000000008004394                Reset_Handler
 .text.Default_Handler
                0x00000000080043e4        0x2 build/startup_stm32f722xx.o
                0x00000000080043e4                RTC_Alarm_IRQHandler
                0x00000000080043e4                EXTI2_IRQHandler
                0x00000000080043e4                TIM8_CC_IRQHandler
                0x00000000080043e4                UART8_IRQHandler
                0x00000000080043e4                SPI4_IRQHandler
                0x00000000080043e4                TIM1_CC_IRQHandler
                0x00000000080043e4                DMA2_Stream5_IRQHandler
                0x00000000080043e4                DMA1_Stream5_IRQHandler
                0x00000000080043e4                PVD_IRQHandler
                0x00000000080043e4                TAMP_STAMP_IRQHandler
                0x00000000080043e4                EXTI3_IRQHandler
                0x00000000080043e4                TIM8_TRG_COM_TIM14_IRQHandler
                0x00000000080043e4                TIM1_UP_TIM10_IRQHandler
                0x00000000080043e4                TIM8_UP_TIM13_IRQHandler
                0x00000000080043e4                I2C3_ER_IRQHandler
                0x00000000080043e4                EXTI0_IRQHandler
                0x00000000080043e4                I2C2_EV_IRQHandler
                0x00000000080043e4                DMA1_Stream2_IRQHandler
                0x00000000080043e4                CAN1_RX0_IRQHandler
                0x00000000080043e4                FPU_IRQHandler
                0x00000000080043e4                OTG_HS_WKUP_IRQHandler
                0x00000000080043e4                DMA2_Stream2_IRQHandler
                0x00000000080043e4                SPI1_IRQHandler
                0x00000000080043e4                TIM6_DAC_IRQHandler
                0x00000000080043e4                TIM1_BRK_TIM9_IRQHandler
                0x00000000080043e4                DMA2_Stream3_IRQHandler
                0x00000000080043e4                SAI2_IRQHandler
                0x00000000080043e4                USART6_IRQHandler
                0x00000000080043e4                USART3_IRQHandler
                0x00000000080043e4                CAN1_RX1_IRQHandler
                0x00000000080043e4                UART5_IRQHandler
                0x00000000080043e4                DMA2_Stream0_IRQHandler
                0x00000000080043e4                TIM4_IRQHandler
                0x00000000080043e4                QUADSPI_IRQHandler
                0x00000000080043e4                I2C1_EV_IRQHandler
                0x00000000080043e4                DMA1_Stream6_IRQHandler
                0x00000000080043e4                DMA1_Stream1_IRQHandler
                0x00000000080043e4                UART4_IRQHandler
                0x00000000080043e4                TIM3_IRQHandler
                0x00000000080043e4                RCC_IRQHandler
                0x00000000080043e4                TIM8_BRK_TIM12_IRQHandler
                0x00000000080043e4                Default_Handler
                0x00000000080043e4                EXTI15_10_IRQHandler
                0x00000000080043e4                ADC_IRQHandler
                0x00000000080043e4                DMA1_Stream7_IRQHandler
                0x00000000080043e4                SPI5_IRQHandler
                0x00000000080043e4                TIM7_IRQHandler
                0x00000000080043e4                SDMMC1_IRQHandler
                0x00000000080043e4                TIM5_IRQHandler
                0x00000000080043e4                DMA2_Stream7_IRQHandler
                0x00000000080043e4                I2C3_EV_IRQHandler
                0x00000000080043e4                EXTI9_5_IRQHandler
                0x00000000080043e4                RTC_WKUP_IRQHandler
                0x00000000080043e4                SPI2_IRQHandler
                0x00000000080043e4                OTG_HS_EP1_IN_IRQHandler
                0x00000000080043e4                DMA1_Stream0_IRQHandler
                0x00000000080043e4                CAN1_TX_IRQHandler
                0x00000000080043e4                EXTI4_IRQHandler
                0x00000000080043e4                RNG_IRQHandler
                0x00000000080043e4                OTG_HS_EP1_OUT_IRQHandler
                0x00000000080043e4                WWDG_IRQHandler
                0x00000000080043e4                TIM2_IRQHandler
                0x00000000080043e4                OTG_FS_WKUP_IRQHandler
                0x00000000080043e4                TIM1_TRG_COM_TIM11_IRQHandler
                0x00000000080043e4                OTG_HS_IRQHandler
                0x00000000080043e4                EXTI1_IRQHandler
                0x00000000080043e4                SDMMC2_IRQHandler
                0x00000000080043e4                UART7_IRQHandler
                0x00000000080043e4                USART2_IRQHandler
                0x00000000080043e4                I2C2_ER_IRQHandler
                0x00000000080043e4                DMA2_Stream1_IRQHandler
                0x00000000080043e4                CAN1_SCE_IRQHandler
                0x00000000080043e4                FLASH_IRQHandler
                0x00000000080043e4                DMA2_Stream4_IRQHandler
                0x00000000080043e4                USART1_IRQHandler
                0x00000000080043e4                SPI3_IRQHandler
                0x00000000080043e4                DMA1_Stream4_IRQHandler
                0x00000000080043e4                I2C1_ER_IRQHandler
                0x00000000080043e4                FMC_IRQHandler
                0x00000000080043e4                LPTIM1_IRQHandler
                0x00000000080043e4                DMA2_Stream6_IRQHandler
                0x00000000080043e4                SAI1_IRQHandler
                0x00000000080043e4                DMA1_Stream3_IRQHandler
 *fill*         0x00000000080043e6        0x2 
 .text.__libc_init_array
                0x00000000080043e8       0x48 /home/jaxc/opt/gcc-arm-none-eabi-7-2018-q2-update/bin/../lib/gcc/arm-none-eabi/7.3.1/../../../../arm-none-eabi/lib/thumb/v7e-m/fpv4-sp/hard/libc_nano.a(lib_a-init.o)
                0x00000000080043e8                __libc_init_array
 .text.malloc   0x0000000008004430       0x10 /home/jaxc/opt/gcc-arm-none-eabi-7-2018-q2-update/bin/../lib/gcc/arm-none-eabi/7.3.1/../../../../arm-none-eabi/lib/thumb/v7e-m/fpv4-sp/hard/libc_nano.a(lib_a-malloc.o)
                0x0000000008004430                malloc
 .text.free     0x0000000008004440       0x10 /home/jaxc/opt/gcc-arm-none-eabi-7-2018-q2-update/bin/../lib/gcc/arm-none-eabi/7.3.1/../../../../arm-none-eabi/lib/thumb/v7e-m/fpv4-sp/hard/libc_nano.a(lib_a-malloc.o)
                0x0000000008004440                free
 .text.memset   0x0000000008004450       0x10 /home/jaxc/opt/gcc-arm-none-eabi-7-2018-q2-update/bin/../lib/gcc/arm-none-eabi/7.3.1/../../../../arm-none-eabi/lib/thumb/v7e-m/fpv4-sp/hard/libc_nano.a(lib_a-memset.o)
                0x0000000008004450                memset
 .text._free_r  0x0000000008004460       0x9c /home/jaxc/opt/gcc-arm-none-eabi-7-2018-q2-update/bin/../lib/gcc/arm-none-eabi/7.3.1/../../../../arm-none-eabi/lib/thumb/v7e-m/fpv4-sp/hard/libc_nano.a(lib_a-nano-freer.o)
                0x0000000008004460                _free_r
 .text._malloc_r
                0x00000000080044fc       0xb4 /home/jaxc/opt/gcc-arm-none-eabi-7-2018-q2-update/bin/../lib/gcc/arm-none-eabi/7.3.1/../../../../arm-none-eabi/lib/thumb/v7e-m/fpv4-sp/hard/libc_nano.a(lib_a-nano-mallocr.o)
                0x00000000080044fc                _malloc_r
 .text.printf   0x00000000080045b0       0x30 /home/jaxc/opt/gcc-arm-none-eabi-7-2018-q2-update/bin/../lib/gcc/arm-none-eabi/7.3.1/../../../../arm-none-eabi/lib/thumb/v7e-m/fpv4-sp/hard/libc_nano.a(lib_a-printf.o)
                0x00000000080045b0                printf
                0x00000000080045b0                iprintf
 .text.putchar  0x00000000080045e0       0x28 /home/jaxc/opt/gcc-arm-none-eabi-7-2018-q2-update/bin/../lib/gcc/arm-none-eabi/7.3.1/../../../../arm-none-eabi/lib/thumb/v7e-m/fpv4-sp/hard/libc_nano.a(lib_a-putchar.o)
                0x00000000080045e0                putchar
 .text._sbrk_r  0x0000000008004608       0x20 /home/jaxc/opt/gcc-arm-none-eabi-7-2018-q2-update/bin/../lib/gcc/arm-none-eabi/7.3.1/../../../../arm-none-eabi/lib/thumb/v7e-m/fpv4-sp/hard/libc_nano.a(lib_a-sbrkr.o)
                0x0000000008004608                _sbrk_r
 .text.std      0x0000000008004628       0x48 /home/jaxc/opt/gcc-arm-none-eabi-7-2018-q2-update/bin/../lib/gcc/arm-none-eabi/7.3.1/../../../../arm-none-eabi/lib/thumb/v7e-m/fpv4-sp/hard/libc_nano.a(lib_a-findfp.o)
 .text._cleanup_r
                0x0000000008004670        0xc /home/jaxc/opt/gcc-arm-none-eabi-7-2018-q2-update/bin/../lib/gcc/arm-none-eabi/7.3.1/../../../../arm-none-eabi/lib/thumb/v7e-m/fpv4-sp/hard/libc_nano.a(lib_a-findfp.o)
                0x0000000008004670                _cleanup_r
 .text.__sfmoreglue
                0x000000000800467c       0x2c /home/jaxc/opt/gcc-arm-none-eabi-7-2018-q2-update/bin/../lib/gcc/arm-none-eabi/7.3.1/../../../../arm-none-eabi/lib/thumb/v7e-m/fpv4-sp/hard/libc_nano.a(lib_a-findfp.o)
                0x000000000800467c                __sfmoreglue
 .text.__sinit  0x00000000080046a8       0x60 /home/jaxc/opt/gcc-arm-none-eabi-7-2018-q2-update/bin/../lib/gcc/arm-none-eabi/7.3.1/../../../../arm-none-eabi/lib/thumb/v7e-m/fpv4-sp/hard/libc_nano.a(lib_a-findfp.o)
                0x00000000080046a8                __sinit
 .text.__sfp    0x0000000008004708       0x78 /home/jaxc/opt/gcc-arm-none-eabi-7-2018-q2-update/bin/../lib/gcc/arm-none-eabi/7.3.1/../../../../arm-none-eabi/lib/thumb/v7e-m/fpv4-sp/hard/libc_nano.a(lib_a-findfp.o)
                0x0000000008004708                __sfp
 .text._fwalk_reent
                0x0000000008004780       0x3c /home/jaxc/opt/gcc-arm-none-eabi-7-2018-q2-update/bin/../lib/gcc/arm-none-eabi/7.3.1/../../../../arm-none-eabi/lib/thumb/v7e-m/fpv4-sp/hard/libc_nano.a(lib_a-fwalk.o)
                0x0000000008004780                _fwalk_reent
 .text.__malloc_lock
                0x00000000080047bc        0x2 /home/jaxc/opt/gcc-arm-none-eabi-7-2018-q2-update/bin/../lib/gcc/arm-none-eabi/7.3.1/../../../../arm-none-eabi/lib/thumb/v7e-m/fpv4-sp/hard/libc_nano.a(lib_a-mlock.o)
                0x00000000080047bc                __malloc_lock
 .text.__malloc_unlock
                0x00000000080047be        0x2 /home/jaxc/opt/gcc-arm-none-eabi-7-2018-q2-update/bin/../lib/gcc/arm-none-eabi/7.3.1/../../../../arm-none-eabi/lib/thumb/v7e-m/fpv4-sp/hard/libc_nano.a(lib_a-mlock.o)
                0x00000000080047be                __malloc_unlock
 .text.__sfputc_r
                0x00000000080047c0       0x2e /home/jaxc/opt/gcc-arm-none-eabi-7-2018-q2-update/bin/../lib/gcc/arm-none-eabi/7.3.1/../../../../arm-none-eabi/lib/thumb/v7e-m/fpv4-sp/hard/libc_nano.a(lib_a-nano-vfprintf.o)
 .text.__sfputs_r
                0x00000000080047ee       0x24 /home/jaxc/opt/gcc-arm-none-eabi-7-2018-q2-update/bin/../lib/gcc/arm-none-eabi/7.3.1/../../../../arm-none-eabi/lib/thumb/v7e-m/fpv4-sp/hard/libc_nano.a(lib_a-nano-vfprintf.o)
                0x00000000080047ee                __sfputs_r
 *fill*         0x0000000008004812        0x2 
 .text._vfprintf_r
                0x0000000008004814      0x22c /home/jaxc/opt/gcc-arm-none-eabi-7-2018-q2-update/bin/../lib/gcc/arm-none-eabi/7.3.1/../../../../arm-none-eabi/lib/thumb/v7e-m/fpv4-sp/hard/libc_nano.a(lib_a-nano-vfprintf.o)
                0x0000000008004814                _vfiprintf_r
                0x0000000008004814                _vfprintf_r
 .text._printf_common
                0x0000000008004a40       0xea /home/jaxc/opt/gcc-arm-none-eabi-7-2018-q2-update/bin/../lib/gcc/arm-none-eabi/7.3.1/../../../../arm-none-eabi/lib/thumb/v7e-m/fpv4-sp/hard/libc_nano.a(lib_a-nano-vfprintf_i.o)
                0x0000000008004a40                _printf_common
 *fill*         0x0000000008004b2a        0x2 
 .text._printf_i
                0x0000000008004b2c      0x224 /home/jaxc/opt/gcc-arm-none-eabi-7-2018-q2-update/bin/../lib/gcc/arm-none-eabi/7.3.1/../../../../arm-none-eabi/lib/thumb/v7e-m/fpv4-sp/hard/libc_nano.a(lib_a-nano-vfprintf_i.o)
                0x0000000008004b2c                _printf_i
 .text._putc_r  0x0000000008004d50       0x6c /home/jaxc/opt/gcc-arm-none-eabi-7-2018-q2-update/bin/../lib/gcc/arm-none-eabi/7.3.1/../../../../arm-none-eabi/lib/thumb/v7e-m/fpv4-sp/hard/libc_nano.a(lib_a-putc.o)
                0x0000000008004d50                _putc_r
 .text.__sread  0x0000000008004dbc       0x22 /home/jaxc/opt/gcc-arm-none-eabi-7-2018-q2-update/bin/../lib/gcc/arm-none-eabi/7.3.1/../../../../arm-none-eabi/lib/thumb/v7e-m/fpv4-sp/hard/libc_nano.a(lib_a-stdio.o)
                0x0000000008004dbc                __sread
 .text.__swrite
                0x0000000008004dde       0x38 /home/jaxc/opt/gcc-arm-none-eabi-7-2018-q2-update/bin/../lib/gcc/arm-none-eabi/7.3.1/../../../../arm-none-eabi/lib/thumb/v7e-m/fpv4-sp/hard/libc_nano.a(lib_a-stdio.o)
                0x0000000008004dde                __swrite
 .text.__sseek  0x0000000008004e16       0x24 /home/jaxc/opt/gcc-arm-none-eabi-7-2018-q2-update/bin/../lib/gcc/arm-none-eabi/7.3.1/../../../../arm-none-eabi/lib/thumb/v7e-m/fpv4-sp/hard/libc_nano.a(lib_a-stdio.o)
                0x0000000008004e16                __sseek
 .text.__sclose
                0x0000000008004e3a        0x8 /home/jaxc/opt/gcc-arm-none-eabi-7-2018-q2-update/bin/../lib/gcc/arm-none-eabi/7.3.1/../../../../arm-none-eabi/lib/thumb/v7e-m/fpv4-sp/hard/libc_nano.a(lib_a-stdio.o)
                0x0000000008004e3a                __sclose
 *fill*         0x0000000008004e42        0x2 
 .text.__swbuf_r
                0x0000000008004e44       0xa4 /home/jaxc/opt/gcc-arm-none-eabi-7-2018-q2-update/bin/../lib/gcc/arm-none-eabi/7.3.1/../../../../arm-none-eabi/lib/thumb/v7e-m/fpv4-sp/hard/libc_nano.a(lib_a-wbuf.o)
                0x0000000008004e44                __swbuf_r
 .text._write_r
                0x0000000008004ee8       0x24 /home/jaxc/opt/gcc-arm-none-eabi-7-2018-q2-update/bin/../lib/gcc/arm-none-eabi/7.3.1/../../../../arm-none-eabi/lib/thumb/v7e-m/fpv4-sp/hard/libc_nano.a(lib_a-writer.o)
                0x0000000008004ee8                _write_r
 .text.__swsetup_r
                0x0000000008004f0c       0xdc /home/jaxc/opt/gcc-arm-none-eabi-7-2018-q2-update/bin/../lib/gcc/arm-none-eabi/7.3.1/../../../../arm-none-eabi/lib/thumb/v7e-m/fpv4-sp/hard/libc_nano.a(lib_a-wsetup.o)
                0x0000000008004f0c                __swsetup_r
 .text._close_r
                0x0000000008004fe8       0x20 /home/jaxc/opt/gcc-arm-none-eabi-7-2018-q2-update/bin/../lib/gcc/arm-none-eabi/7.3.1/../../../../arm-none-eabi/lib/thumb/v7e-m/fpv4-sp/hard/libc_nano.a(lib_a-closer.o)
                0x0000000008004fe8                _close_r
 .text.__sflush_r
                0x0000000008005008      0x10c /home/jaxc/opt/gcc-arm-none-eabi-7-2018-q2-update/bin/../lib/gcc/arm-none-eabi/7.3.1/../../../../arm-none-eabi/lib/thumb/v7e-m/fpv4-sp/hard/libc_nano.a(lib_a-fflush.o)
                0x0000000008005008                __sflush_r
 .text._fflush_r
                0x0000000008005114       0x54 /home/jaxc/opt/gcc-arm-none-eabi-7-2018-q2-update/bin/../lib/gcc/arm-none-eabi/7.3.1/../../../../arm-none-eabi/lib/thumb/v7e-m/fpv4-sp/hard/libc_nano.a(lib_a-fflush.o)
                0x0000000008005114                _fflush_r
 .text._lseek_r
                0x0000000008005168       0x24 /home/jaxc/opt/gcc-arm-none-eabi-7-2018-q2-update/bin/../lib/gcc/arm-none-eabi/7.3.1/../../../../arm-none-eabi/lib/thumb/v7e-m/fpv4-sp/hard/libc_nano.a(lib_a-lseekr.o)
                0x0000000008005168                _lseek_r
 .text.__swhatbuf_r
                0x000000000800518c       0x48 /home/jaxc/opt/gcc-arm-none-eabi-7-2018-q2-update/bin/../lib/gcc/arm-none-eabi/7.3.1/../../../../arm-none-eabi/lib/thumb/v7e-m/fpv4-sp/hard/libc_nano.a(lib_a-makebuf.o)
                0x000000000800518c                __swhatbuf_r
 .text.__smakebuf_r
                0x00000000080051d4       0x80 /home/jaxc/opt/gcc-arm-none-eabi-7-2018-q2-update/bin/../lib/gcc/arm-none-eabi/7.3.1/../../../../arm-none-eabi/lib/thumb/v7e-m/fpv4-sp/hard/libc_nano.a(lib_a-makebuf.o)
                0x00000000080051d4                __smakebuf_r
 .text._read_r  0x0000000008005254       0x24 /home/jaxc/opt/gcc-arm-none-eabi-7-2018-q2-update/bin/../lib/gcc/arm-none-eabi/7.3.1/../../../../arm-none-eabi/lib/thumb/v7e-m/fpv4-sp/hard/libc_nano.a(lib_a-readr.o)
                0x0000000008005254                _read_r
 .text._fstat_r
                0x0000000008005278       0x24 /home/jaxc/opt/gcc-arm-none-eabi-7-2018-q2-update/bin/../lib/gcc/arm-none-eabi/7.3.1/../../../../arm-none-eabi/lib/thumb/v7e-m/fpv4-sp/hard/libc_nano.a(lib_a-fstatr.o)
                0x0000000008005278                _fstat_r
 .text._isatty_r
                0x000000000800529c       0x20 /home/jaxc/opt/gcc-arm-none-eabi-7-2018-q2-update/bin/../lib/gcc/arm-none-eabi/7.3.1/../../../../arm-none-eabi/lib/thumb/v7e-m/fpv4-sp/hard/libc_nano.a(lib_a-isattyr.o)
                0x000000000800529c                _isatty_r
 .text._close   0x00000000080052bc       0x10 /home/jaxc/opt/gcc-arm-none-eabi-7-2018-q2-update/bin/../lib/gcc/arm-none-eabi/7.3.1/../../../../arm-none-eabi/lib/thumb/v7e-m/fpv4-sp/hard/libnosys.a(close.o)
                0x00000000080052bc                _close
 .text._fstat   0x00000000080052cc       0x10 /home/jaxc/opt/gcc-arm-none-eabi-7-2018-q2-update/bin/../lib/gcc/arm-none-eabi/7.3.1/../../../../arm-none-eabi/lib/thumb/v7e-m/fpv4-sp/hard/libnosys.a(fstat.o)
                0x00000000080052cc                _fstat
 .text._isatty  0x00000000080052dc       0x10 /home/jaxc/opt/gcc-arm-none-eabi-7-2018-q2-update/bin/../lib/gcc/arm-none-eabi/7.3.1/../../../../arm-none-eabi/lib/thumb/v7e-m/fpv4-sp/hard/libnosys.a(isatty.o)
                0x00000000080052dc                _isatty
 .text._lseek   0x00000000080052ec       0x10 /home/jaxc/opt/gcc-arm-none-eabi-7-2018-q2-update/bin/../lib/gcc/arm-none-eabi/7.3.1/../../../../arm-none-eabi/lib/thumb/v7e-m/fpv4-sp/hard/libnosys.a(lseek.o)
                0x00000000080052ec                _lseek
 .text._read    0x00000000080052fc       0x10 /home/jaxc/opt/gcc-arm-none-eabi-7-2018-q2-update/bin/../lib/gcc/arm-none-eabi/7.3.1/../../../../arm-none-eabi/lib/thumb/v7e-m/fpv4-sp/hard/libnosys.a(read.o)
                0x00000000080052fc                _read
 .text._sbrk    0x000000000800530c       0x1c /home/jaxc/opt/gcc-arm-none-eabi-7-2018-q2-update/bin/../lib/gcc/arm-none-eabi/7.3.1/../../../../arm-none-eabi/lib/thumb/v7e-m/fpv4-sp/hard/libnosys.a(sbrk.o)
                0x000000000800530c                _sbrk
 .text._write   0x0000000008005328       0x10 /home/jaxc/opt/gcc-arm-none-eabi-7-2018-q2-update/bin/../lib/gcc/arm-none-eabi/7.3.1/../../../../arm-none-eabi/lib/thumb/v7e-m/fpv4-sp/hard/libnosys.a(write.o)
                0x0000000008005328                _write
 *(.glue_7)
 .glue_7        0x0000000008005338        0x0 linker stubs
 *(.glue_7t)
 .glue_7t       0x0000000008005338        0x0 linker stubs
 *(.eh_frame)
 .eh_frame      0x0000000008005338        0x0 /home/jaxc/opt/gcc-arm-none-eabi-7-2018-q2-update/bin/../lib/gcc/arm-none-eabi/7.3.1/thumb/v7e-m/fpv4-sp/hard/crtbegin.o
 *(.init)
 .init          0x0000000008005338        0x4 /home/jaxc/opt/gcc-arm-none-eabi-7-2018-q2-update/bin/../lib/gcc/arm-none-eabi/7.3.1/thumb/v7e-m/fpv4-sp/hard/crti.o
                0x0000000008005338                _init
 .init          0x000000000800533c        0x8 /home/jaxc/opt/gcc-arm-none-eabi-7-2018-q2-update/bin/../lib/gcc/arm-none-eabi/7.3.1/thumb/v7e-m/fpv4-sp/hard/crtn.o
 *(.fini)
 .fini          0x0000000008005344        0x4 /home/jaxc/opt/gcc-arm-none-eabi-7-2018-q2-update/bin/../lib/gcc/arm-none-eabi/7.3.1/thumb/v7e-m/fpv4-sp/hard/crti.o
                0x0000000008005344                _fini
 .fini          0x0000000008005348        0x8 /home/jaxc/opt/gcc-arm-none-eabi-7-2018-q2-update/bin/../lib/gcc/arm-none-eabi/7.3.1/thumb/v7e-m/fpv4-sp/hard/crtn.o
                0x0000000008005350                . = ALIGN (0x4)
                0x0000000008005350                _etext = .

.vfp11_veneer   0x0000000008005350        0x0
 .vfp11_veneer  0x0000000008005350        0x0 linker stubs

.v4_bx          0x0000000008005350        0x0
 .v4_bx         0x0000000008005350        0x0 linker stubs

.iplt           0x0000000008005350        0x0
 .iplt          0x0000000008005350        0x0 /home/jaxc/opt/gcc-arm-none-eabi-7-2018-q2-update/bin/../lib/gcc/arm-none-eabi/7.3.1/thumb/v7e-m/fpv4-sp/hard/crtbegin.o

.rodata         0x0000000008005350      0x140
                0x0000000008005350                . = ALIGN (0x4)
 *(.rodata)
 *(.rodata*)
 .rodata.AHBPrescTable
                0x0000000008005350       0x10 build/system_stm32f7xx.o
                0x0000000008005350                AHBPrescTable
 .rodata.APBPrescTable
                0x0000000008005360        0x8 build/system_stm32f7xx.o
                0x0000000008005360                APBPrescTable
 .rodata.USBD_FS_ConfigStrDescriptor.str1.4
                0x0000000008005368        0xb build/usbd_desc.o
 *fill*         0x0000000008005373        0x1 
 .rodata.USBD_FS_InterfaceStrDescriptor.str1.4
                0x0000000008005374        0xe build/usbd_desc.o
 *fill*         0x0000000008005382        0x2 
 .rodata.USBD_FS_ManufacturerStrDescriptor.str1.4
                0x0000000008005384       0x13 build/usbd_desc.o
 *fill*         0x0000000008005397        0x1 
 .rodata.USBD_FS_ProductStrDescriptor.str1.4
                0x0000000008005398       0x16 build/usbd_desc.o
 *fill*         0x00000000080053ae        0x2 
 .rodata.USBD_FS_SerialStrDescriptor.str1.4
                0x00000000080053b0        0xd build/usbd_desc.o
 *fill*         0x00000000080053bd        0x3 
 .rodata.USBD_Init.str1.4
                0x00000000080053c0       0x1e build/usbd_core.o
 *fill*         0x00000000080053de        0x2 
 .rodata.USBD_RegisterClass.str1.4
                0x00000000080053e0       0x18 build/usbd_core.o
                                         0x15 (size before relaxing)
 .rodata._global_impure_ptr
                0x00000000080053f8        0x4 /home/jaxc/opt/gcc-arm-none-eabi-7-2018-q2-update/bin/../lib/gcc/arm-none-eabi/7.3.1/../../../../arm-none-eabi/lib/thumb/v7e-m/fpv4-sp/hard/libc_nano.a(lib_a-impure.o)
                0x00000000080053f8                _global_impure_ptr
 .rodata.__sf_fake_stderr
                0x00000000080053fc       0x20 /home/jaxc/opt/gcc-arm-none-eabi-7-2018-q2-update/bin/../lib/gcc/arm-none-eabi/7.3.1/../../../../arm-none-eabi/lib/thumb/v7e-m/fpv4-sp/hard/libc_nano.a(lib_a-findfp.o)
                0x00000000080053fc                __sf_fake_stderr
 .rodata.__sf_fake_stdin
                0x000000000800541c       0x20 /home/jaxc/opt/gcc-arm-none-eabi-7-2018-q2-update/bin/../lib/gcc/arm-none-eabi/7.3.1/../../../../arm-none-eabi/lib/thumb/v7e-m/fpv4-sp/hard/libc_nano.a(lib_a-findfp.o)
                0x000000000800541c                __sf_fake_stdin
 .rodata.__sf_fake_stdout
                0x000000000800543c       0x20 /home/jaxc/opt/gcc-arm-none-eabi-7-2018-q2-update/bin/../lib/gcc/arm-none-eabi/7.3.1/../../../../arm-none-eabi/lib/thumb/v7e-m/fpv4-sp/hard/libc_nano.a(lib_a-findfp.o)
                0x000000000800543c                __sf_fake_stdout
 .rodata._vfprintf_r.str1.1
                0x000000000800545c       0x11 /home/jaxc/opt/gcc-arm-none-eabi-7-2018-q2-update/bin/../lib/gcc/arm-none-eabi/7.3.1/../../../../arm-none-eabi/lib/thumb/v7e-m/fpv4-sp/hard/libc_nano.a(lib_a-nano-vfprintf.o)
 .rodata._printf_i.str1.1
                0x000000000800546d       0x22 /home/jaxc/opt/gcc-arm-none-eabi-7-2018-q2-update/bin/../lib/gcc/arm-none-eabi/7.3.1/../../../../arm-none-eabi/lib/thumb/v7e-m/fpv4-sp/hard/libc_nano.a(lib_a-nano-vfprintf_i.o)
                0x0000000008005490                . = ALIGN (0x4)
 *fill*         0x000000000800548f        0x1 

.ARM.extab
 *(.ARM.extab* .gnu.linkonce.armextab.*)

.ARM            0x0000000008005490        0x8
                0x0000000008005490                __exidx_start = .
 *(.ARM.exidx*)
 .ARM.exidx     0x0000000008005490        0x8 /home/jaxc/opt/gcc-arm-none-eabi-7-2018-q2-update/bin/../lib/gcc/arm-none-eabi/7.3.1/thumb/v7e-m/fpv4-sp/hard/libgcc.a(_udivmoddi4.o)
                0x0000000008005498                __exidx_end = .

.rel.dyn        0x0000000008005498        0x0
 .rel.iplt      0x0000000008005498        0x0 /home/jaxc/opt/gcc-arm-none-eabi-7-2018-q2-update/bin/../lib/gcc/arm-none-eabi/7.3.1/thumb/v7e-m/fpv4-sp/hard/crtbegin.o

.preinit_array  0x0000000008005498        0x0
                0x0000000008005498                PROVIDE (__preinit_array_start = .)
 *(.preinit_array*)
                0x0000000008005498                PROVIDE (__preinit_array_end = .)

.init_array     0x0000000008005498        0x4
                0x0000000008005498                PROVIDE (__init_array_start = .)
 *(SORT_BY_NAME(.init_array.*))
 *(.init_array*)
 .init_array    0x0000000008005498        0x4 /home/jaxc/opt/gcc-arm-none-eabi-7-2018-q2-update/bin/../lib/gcc/arm-none-eabi/7.3.1/thumb/v7e-m/fpv4-sp/hard/crtbegin.o
                0x000000000800549c                PROVIDE (__init_array_end = .)

.fini_array     0x000000000800549c        0x4
                [!provide]                        PROVIDE (__fini_array_start = .)
 *(SORT_BY_NAME(.fini_array.*))
 *(.fini_array*)
 .fini_array    0x000000000800549c        0x4 /home/jaxc/opt/gcc-arm-none-eabi-7-2018-q2-update/bin/../lib/gcc/arm-none-eabi/7.3.1/thumb/v7e-m/fpv4-sp/hard/crtbegin.o
                [!provide]                        PROVIDE (__fini_array_end = .)
                0x00000000080054a0                _sidata = LOADADDR (.data)

.data           0x0000000020000000      0x1d4 load address 0x00000000080054a0
                0x0000000020000000                . = ALIGN (0x4)
                0x0000000020000000                _sdata = .
 *(.data)
 *(.data*)
 .data.uwTickFreq
                0x0000000020000000        0x1 build/stm32f7xx_hal.o
                0x0000000020000000                uwTickFreq
 *fill*         0x0000000020000001        0x3 
 .data.uwTickPrio
                0x0000000020000004        0x4 build/stm32f7xx_hal.o
                0x0000000020000004                uwTickPrio
 .data.SystemCoreClock
                0x0000000020000008        0x4 build/system_stm32f7xx.o
                0x0000000020000008                SystemCoreClock
 .data.FS_Desc  0x000000002000000c       0x20 build/usbd_desc.o
                0x000000002000000c                FS_Desc
 .data.USBD_FS_BOSDesc
                0x000000002000002c        0xc build/usbd_desc.o
                0x000000002000002c                USBD_FS_BOSDesc
 .data.USBD_FS_DeviceDesc
                0x0000000020000038       0x12 build/usbd_desc.o
                0x0000000020000038                USBD_FS_DeviceDesc
 *fill*         0x000000002000004a        0x2 
 .data.USBD_LangIDDesc
                0x000000002000004c        0x4 build/usbd_desc.o
                0x000000002000004c                USBD_LangIDDesc
 .data.USBD_Interface_fops_FS
                0x0000000020000050       0x10 build/usbd_cdc_if.o
                0x0000000020000050                USBD_Interface_fops_FS
 .data.USBD_CDC
                0x0000000020000060       0x38 build/usbd_cdc.o
                0x0000000020000060                USBD_CDC
 .data.USBD_CDC_CfgFSDesc
                0x0000000020000098       0x43 build/usbd_cdc.o
                0x0000000020000098                USBD_CDC_CfgFSDesc
 *fill*         0x00000000200000db        0x1 
 .data.USBD_CDC_CfgHSDesc
                0x00000000200000dc       0x43 build/usbd_cdc.o
                0x00000000200000dc                USBD_CDC_CfgHSDesc
 *fill*         0x000000002000011f        0x1 
 .data.USBD_CDC_DeviceQualifierDesc
                0x0000000020000120        0xa build/usbd_cdc.o
 *fill*         0x000000002000012a        0x2 
 .data.USBD_CDC_OtherSpeedCfgDesc
                0x000000002000012c       0x43 build/usbd_cdc.o
                0x000000002000012c                USBD_CDC_OtherSpeedCfgDesc
 *fill*         0x000000002000016f        0x1 
 .data._impure_ptr
                0x0000000020000170        0x4 /home/jaxc/opt/gcc-arm-none-eabi-7-2018-q2-update/bin/../lib/gcc/arm-none-eabi/7.3.1/../../../../arm-none-eabi/lib/thumb/v7e-m/fpv4-sp/hard/libc_nano.a(lib_a-impure.o)
                0x0000000020000170                _impure_ptr
 .data.impure_data
                0x0000000020000174       0x60 /home/jaxc/opt/gcc-arm-none-eabi-7-2018-q2-update/bin/../lib/gcc/arm-none-eabi/7.3.1/../../../../arm-none-eabi/lib/thumb/v7e-m/fpv4-sp/hard/libc_nano.a(lib_a-impure.o)
                0x00000000200001d4                . = ALIGN (0x4)
                0x00000000200001d4                _edata = .

.igot.plt       0x00000000200001d4        0x0 load address 0x0000000008005674
 .igot.plt      0x00000000200001d4        0x0 /home/jaxc/opt/gcc-arm-none-eabi-7-2018-q2-update/bin/../lib/gcc/arm-none-eabi/7.3.1/thumb/v7e-m/fpv4-sp/hard/crtbegin.o
                0x00000000200001d4                . = ALIGN (0x4)

.bss            0x00000000200001d4     0x1940 load address 0x0000000008005674
                0x00000000200001d4                _sbss = .
                0x00000000200001d4                __bss_start__ = _sbss
 *(.bss)
 .bss           0x00000000200001d4       0x1c /home/jaxc/opt/gcc-arm-none-eabi-7-2018-q2-update/bin/../lib/gcc/arm-none-eabi/7.3.1/thumb/v7e-m/fpv4-sp/hard/crtbegin.o
 *(.bss*)
 .bss.cfgidx.10195
                0x00000000200001f0        0x1 build/usbd_ctlreq.o
 *fill*         0x00000000200001f1        0x3 
 .bss.__malloc_free_list
                0x00000000200001f4        0x4 /home/jaxc/opt/gcc-arm-none-eabi-7-2018-q2-update/bin/../lib/gcc/arm-none-eabi/7.3.1/../../../../arm-none-eabi/lib/thumb/v7e-m/fpv4-sp/hard/libc_nano.a(lib_a-nano-mallocr.o)
                0x00000000200001f4                __malloc_free_list
 .bss.__malloc_sbrk_start
                0x00000000200001f8        0x4 /home/jaxc/opt/gcc-arm-none-eabi-7-2018-q2-update/bin/../lib/gcc/arm-none-eabi/7.3.1/../../../../arm-none-eabi/lib/thumb/v7e-m/fpv4-sp/hard/libc_nano.a(lib_a-nano-mallocr.o)
                0x00000000200001f8                __malloc_sbrk_start
 .bss.heap_end.5377
                0x00000000200001fc        0x4 /home/jaxc/opt/gcc-arm-none-eabi-7-2018-q2-update/bin/../lib/gcc/arm-none-eabi/7.3.1/../../../../arm-none-eabi/lib/thumb/v7e-m/fpv4-sp/hard/libnosys.a(sbrk.o)
 *(COMMON)
 COMMON         0x0000000020000200       0x70 build/main.o
                0x0000000020000200                huart3
 COMMON         0x0000000020000270        0x4 build/stm32f7xx_hal.o
                0x0000000020000270                uwTick
 COMMON         0x0000000020000274      0x29c build/usb_device.o
                0x0000000020000274                hUsbDeviceFS
 COMMON         0x0000000020000510      0x400 build/usbd_conf.o
                0x0000000020000510                hpcd_USB_OTG_FS
 COMMON         0x0000000020000910      0x200 build/usbd_desc.o
                0x0000000020000910                USBD_StrDesc
 COMMON         0x0000000020000b10     0x1000 build/usbd_cdc_if.o
                0x0000000020000b10                UserRxBufferFS
                0x0000000020001310                UserTxBufferFS
 COMMON         0x0000000020001b10        0x4 /home/jaxc/opt/gcc-arm-none-eabi-7-2018-q2-update/bin/../lib/gcc/arm-none-eabi/7.3.1/../../../../arm-none-eabi/lib/thumb/v7e-m/fpv4-sp/hard/libc_nano.a(lib_a-reent.o)
                0x0000000020001b10                errno
                0x0000000020001b14                . = ALIGN (0x4)
                0x0000000020001b14                _ebss = .
                0x0000000020001b14                __bss_end__ = _ebss

._user_heap_stack
                0x0000000020001b14      0x604 load address 0x0000000008005674
                0x0000000020001b18                . = ALIGN (0x8)
 *fill*         0x0000000020001b14        0x4 
                0x0000000020001b18                PROVIDE (end = .)
                [!provide]                        PROVIDE (_end = .)
                0x0000000020001d18                . = (. + _Min_Heap_Size)
 *fill*         0x0000000020001b18      0x200 
                0x0000000020002118                . = (. + _Min_Stack_Size)
 *fill*         0x0000000020001d18      0x400 
                0x0000000020002118                . = ALIGN (0x8)

/DISCARD/
 libc.a(*)
 libm.a(*)
 libgcc.a(*)

.ARM.attributes
                0x0000000000000000       0x30
 *(.ARM.attributes)
 .ARM.attributes
                0x0000000000000000       0x22 /home/jaxc/opt/gcc-arm-none-eabi-7-2018-q2-update/bin/../lib/gcc/arm-none-eabi/7.3.1/thumb/v7e-m/fpv4-sp/hard/crti.o
 .ARM.attributes
                0x0000000000000022       0x34 /home/jaxc/opt/gcc-arm-none-eabi-7-2018-q2-update/bin/../lib/gcc/arm-none-eabi/7.3.1/thumb/v7e-m/fpv4-sp/hard/crtbegin.o
 .ARM.attributes
                0x0000000000000056       0x39 build/main.o
 .ARM.attributes
                0x000000000000008f       0x39 build/stm32f7xx_it.o
 .ARM.attributes
                0x00000000000000c8       0x39 build/stm32f7xx_hal_msp.o
 .ARM.attributes
                0x0000000000000101       0x39 build/stm32f7xx_hal_cortex.o
 .ARM.attributes
                0x000000000000013a       0x39 build/stm32f7xx_hal_uart.o
 .ARM.attributes
                0x0000000000000173       0x39 build/stm32f7xx_hal_pcd.o
 .ARM.attributes
                0x00000000000001ac       0x39 build/stm32f7xx_hal_pcd_ex.o
 .ARM.attributes
                0x00000000000001e5       0x39 build/stm32f7xx_ll_usb.o
 .ARM.attributes
                0x000000000000021e       0x39 build/stm32f7xx_hal_rcc.o
 .ARM.attributes
                0x0000000000000257       0x39 build/stm32f7xx_hal_rcc_ex.o
 .ARM.attributes
                0x0000000000000290       0x39 build/stm32f7xx_hal_gpio.o
 .ARM.attributes
                0x00000000000002c9       0x39 build/stm32f7xx_hal_pwr.o
 .ARM.attributes
                0x0000000000000302       0x39 build/stm32f7xx_hal.o
 .ARM.attributes
                0x000000000000033b       0x39 build/system_stm32f7xx.o
 .ARM.attributes
                0x0000000000000374       0x39 build/usb_device.o
 .ARM.attributes
                0x00000000000003ad       0x39 build/usbd_conf.o
 .ARM.attributes
                0x00000000000003e6       0x39 build/usbd_desc.o
 .ARM.attributes
                0x000000000000041f       0x39 build/usbd_core.o
 .ARM.attributes
                0x0000000000000458       0x39 build/usbd_ctlreq.o
 .ARM.attributes
                0x0000000000000491       0x39 build/usbd_ioreq.o
 .ARM.attributes
                0x00000000000004ca       0x39 build/usbd_cdc_if.o
 .ARM.attributes
                0x0000000000000503       0x39 build/usbd_cdc.o
 .ARM.attributes
                0x000000000000053c       0x21 build/startup_stm32f722xx.o
 .ARM.attributes
                0x000000000000055d       0x34 /home/jaxc/opt/gcc-arm-none-eabi-7-2018-q2-update/bin/../lib/gcc/arm-none-eabi/7.3.1/../../../../arm-none-eabi/lib/thumb/v7e-m/fpv4-sp/hard/libc_nano.a(lib_a-impure.o)
 .ARM.attributes
                0x0000000000000591       0x34 /home/jaxc/opt/gcc-arm-none-eabi-7-2018-q2-update/bin/../lib/gcc/arm-none-eabi/7.3.1/../../../../arm-none-eabi/lib/thumb/v7e-m/fpv4-sp/hard/libc_nano.a(lib_a-init.o)
 .ARM.attributes
                0x00000000000005c5       0x34 /home/jaxc/opt/gcc-arm-none-eabi-7-2018-q2-update/bin/../lib/gcc/arm-none-eabi/7.3.1/../../../../arm-none-eabi/lib/thumb/v7e-m/fpv4-sp/hard/libc_nano.a(lib_a-malloc.o)
 .ARM.attributes
                0x00000000000005f9       0x34 /home/jaxc/opt/gcc-arm-none-eabi-7-2018-q2-update/bin/../lib/gcc/arm-none-eabi/7.3.1/../../../../arm-none-eabi/lib/thumb/v7e-m/fpv4-sp/hard/libc_nano.a(lib_a-memset.o)
 .ARM.attributes
                0x000000000000062d       0x34 /home/jaxc/opt/gcc-arm-none-eabi-7-2018-q2-update/bin/../lib/gcc/arm-none-eabi/7.3.1/../../../../arm-none-eabi/lib/thumb/v7e-m/fpv4-sp/hard/libc_nano.a(lib_a-nano-freer.o)
 .ARM.attributes
                0x0000000000000661       0x34 /home/jaxc/opt/gcc-arm-none-eabi-7-2018-q2-update/bin/../lib/gcc/arm-none-eabi/7.3.1/../../../../arm-none-eabi/lib/thumb/v7e-m/fpv4-sp/hard/libc_nano.a(lib_a-nano-mallocr.o)
 .ARM.attributes
                0x0000000000000695       0x34 /home/jaxc/opt/gcc-arm-none-eabi-7-2018-q2-update/bin/../lib/gcc/arm-none-eabi/7.3.1/../../../../arm-none-eabi/lib/thumb/v7e-m/fpv4-sp/hard/libc_nano.a(lib_a-printf.o)
 .ARM.attributes
                0x00000000000006c9       0x34 /home/jaxc/opt/gcc-arm-none-eabi-7-2018-q2-update/bin/../lib/gcc/arm-none-eabi/7.3.1/../../../../arm-none-eabi/lib/thumb/v7e-m/fpv4-sp/hard/libc_nano.a(lib_a-putchar.o)
 .ARM.attributes
                0x00000000000006fd       0x34 /home/jaxc/opt/gcc-arm-none-eabi-7-2018-q2-update/bin/../lib/gcc/arm-none-eabi/7.3.1/../../../../arm-none-eabi/lib/thumb/v7e-m/fpv4-sp/hard/libc_nano.a(lib_a-sbrkr.o)
 .ARM.attributes
                0x0000000000000731       0x34 /home/jaxc/opt/gcc-arm-none-eabi-7-2018-q2-update/bin/../lib/gcc/arm-none-eabi/7.3.1/../../../../arm-none-eabi/lib/thumb/v7e-m/fpv4-sp/hard/libc_nano.a(lib_a-findfp.o)
 .ARM.attributes
                0x0000000000000765       0x34 /home/jaxc/opt/gcc-arm-none-eabi-7-2018-q2-update/bin/../lib/gcc/arm-none-eabi/7.3.1/../../../../arm-none-eabi/lib/thumb/v7e-m/fpv4-sp/hard/libc_nano.a(lib_a-fwalk.o)
 .ARM.attributes
                0x0000000000000799       0x34 /home/jaxc/opt/gcc-arm-none-eabi-7-2018-q2-update/bin/../lib/gcc/arm-none-eabi/7.3.1/../../../../arm-none-eabi/lib/thumb/v7e-m/fpv4-sp/hard/libc_nano.a(lib_a-mlock.o)
 .ARM.attributes
                0x00000000000007cd       0x34 /home/jaxc/opt/gcc-arm-none-eabi-7-2018-q2-update/bin/../lib/gcc/arm-none-eabi/7.3.1/../../../../arm-none-eabi/lib/thumb/v7e-m/fpv4-sp/hard/libc_nano.a(lib_a-nano-vfprintf.o)
 .ARM.attributes
                0x0000000000000801       0x34 /home/jaxc/opt/gcc-arm-none-eabi-7-2018-q2-update/bin/../lib/gcc/arm-none-eabi/7.3.1/../../../../arm-none-eabi/lib/thumb/v7e-m/fpv4-sp/hard/libc_nano.a(lib_a-nano-vfprintf_i.o)
 .ARM.attributes
                0x0000000000000835       0x34 /home/jaxc/opt/gcc-arm-none-eabi-7-2018-q2-update/bin/../lib/gcc/arm-none-eabi/7.3.1/../../../../arm-none-eabi/lib/thumb/v7e-m/fpv4-sp/hard/libc_nano.a(lib_a-putc.o)
 .ARM.attributes
                0x0000000000000869       0x34 /home/jaxc/opt/gcc-arm-none-eabi-7-2018-q2-update/bin/../lib/gcc/arm-none-eabi/7.3.1/../../../../arm-none-eabi/lib/thumb/v7e-m/fpv4-sp/hard/libc_nano.a(lib_a-reent.o)
 .ARM.attributes
                0x000000000000089d       0x34 /home/jaxc/opt/gcc-arm-none-eabi-7-2018-q2-update/bin/../lib/gcc/arm-none-eabi/7.3.1/../../../../arm-none-eabi/lib/thumb/v7e-m/fpv4-sp/hard/libc_nano.a(lib_a-stdio.o)
 .ARM.attributes
                0x00000000000008d1       0x34 /home/jaxc/opt/gcc-arm-none-eabi-7-2018-q2-update/bin/../lib/gcc/arm-none-eabi/7.3.1/../../../../arm-none-eabi/lib/thumb/v7e-m/fpv4-sp/hard/libc_nano.a(lib_a-wbuf.o)
 .ARM.attributes
                0x0000000000000905       0x34 /home/jaxc/opt/gcc-arm-none-eabi-7-2018-q2-update/bin/../lib/gcc/arm-none-eabi/7.3.1/../../../../arm-none-eabi/lib/thumb/v7e-m/fpv4-sp/hard/libc_nano.a(lib_a-writer.o)
 .ARM.attributes
                0x0000000000000939       0x34 /home/jaxc/opt/gcc-arm-none-eabi-7-2018-q2-update/bin/../lib/gcc/arm-none-eabi/7.3.1/../../../../arm-none-eabi/lib/thumb/v7e-m/fpv4-sp/hard/libc_nano.a(lib_a-wsetup.o)
 .ARM.attributes
                0x000000000000096d       0x34 /home/jaxc/opt/gcc-arm-none-eabi-7-2018-q2-update/bin/../lib/gcc/arm-none-eabi/7.3.1/../../../../arm-none-eabi/lib/thumb/v7e-m/fpv4-sp/hard/libc_nano.a(lib_a-closer.o)
 .ARM.attributes
                0x00000000000009a1       0x34 /home/jaxc/opt/gcc-arm-none-eabi-7-2018-q2-update/bin/../lib/gcc/arm-none-eabi/7.3.1/../../../../arm-none-eabi/lib/thumb/v7e-m/fpv4-sp/hard/libc_nano.a(lib_a-fflush.o)
 .ARM.attributes
                0x00000000000009d5       0x34 /home/jaxc/opt/gcc-arm-none-eabi-7-2018-q2-update/bin/../lib/gcc/arm-none-eabi/7.3.1/../../../../arm-none-eabi/lib/thumb/v7e-m/fpv4-sp/hard/libc_nano.a(lib_a-lseekr.o)
 .ARM.attributes
                0x0000000000000a09       0x34 /home/jaxc/opt/gcc-arm-none-eabi-7-2018-q2-update/bin/../lib/gcc/arm-none-eabi/7.3.1/../../../../arm-none-eabi/lib/thumb/v7e-m/fpv4-sp/hard/libc_nano.a(lib_a-makebuf.o)
 .ARM.attributes
                0x0000000000000a3d       0x20 /home/jaxc/opt/gcc-arm-none-eabi-7-2018-q2-update/bin/../lib/gcc/arm-none-eabi/7.3.1/../../../../arm-none-eabi/lib/thumb/v7e-m/fpv4-sp/hard/libc_nano.a(lib_a-memchr.o)
 .ARM.attributes
                0x0000000000000a5d       0x34 /home/jaxc/opt/gcc-arm-none-eabi-7-2018-q2-update/bin/../lib/gcc/arm-none-eabi/7.3.1/../../../../arm-none-eabi/lib/thumb/v7e-m/fpv4-sp/hard/libc_nano.a(lib_a-readr.o)
 .ARM.attributes
                0x0000000000000a91       0x34 /home/jaxc/opt/gcc-arm-none-eabi-7-2018-q2-update/bin/../lib/gcc/arm-none-eabi/7.3.1/../../../../arm-none-eabi/lib/thumb/v7e-m/fpv4-sp/hard/libc_nano.a(lib_a-fstatr.o)
 .ARM.attributes
                0x0000000000000ac5       0x34 /home/jaxc/opt/gcc-arm-none-eabi-7-2018-q2-update/bin/../lib/gcc/arm-none-eabi/7.3.1/../../../../arm-none-eabi/lib/thumb/v7e-m/fpv4-sp/hard/libc_nano.a(lib_a-isattyr.o)
 .ARM.attributes
                0x0000000000000af9       0x34 /home/jaxc/opt/gcc-arm-none-eabi-7-2018-q2-update/bin/../lib/gcc/arm-none-eabi/7.3.1/../../../../arm-none-eabi/lib/thumb/v7e-m/fpv4-sp/hard/libnosys.a(close.o)
 .ARM.attributes
                0x0000000000000b2d       0x34 /home/jaxc/opt/gcc-arm-none-eabi-7-2018-q2-update/bin/../lib/gcc/arm-none-eabi/7.3.1/../../../../arm-none-eabi/lib/thumb/v7e-m/fpv4-sp/hard/libnosys.a(fstat.o)
 .ARM.attributes
                0x0000000000000b61       0x34 /home/jaxc/opt/gcc-arm-none-eabi-7-2018-q2-update/bin/../lib/gcc/arm-none-eabi/7.3.1/../../../../arm-none-eabi/lib/thumb/v7e-m/fpv4-sp/hard/libnosys.a(isatty.o)
 .ARM.attributes
                0x0000000000000b95       0x34 /home/jaxc/opt/gcc-arm-none-eabi-7-2018-q2-update/bin/../lib/gcc/arm-none-eabi/7.3.1/../../../../arm-none-eabi/lib/thumb/v7e-m/fpv4-sp/hard/libnosys.a(lseek.o)
 .ARM.attributes
                0x0000000000000bc9       0x34 /home/jaxc/opt/gcc-arm-none-eabi-7-2018-q2-update/bin/../lib/gcc/arm-none-eabi/7.3.1/../../../../arm-none-eabi/lib/thumb/v7e-m/fpv4-sp/hard/libnosys.a(read.o)
 .ARM.attributes
                0x0000000000000bfd       0x34 /home/jaxc/opt/gcc-arm-none-eabi-7-2018-q2-update/bin/../lib/gcc/arm-none-eabi/7.3.1/../../../../arm-none-eabi/lib/thumb/v7e-m/fpv4-sp/hard/libnosys.a(sbrk.o)
 .ARM.attributes
                0x0000000000000c31       0x34 /home/jaxc/opt/gcc-arm-none-eabi-7-2018-q2-update/bin/../lib/gcc/arm-none-eabi/7.3.1/../../../../arm-none-eabi/lib/thumb/v7e-m/fpv4-sp/hard/libnosys.a(write.o)
 .ARM.attributes
                0x0000000000000c65       0x22 /home/jaxc/opt/gcc-arm-none-eabi-7-2018-q2-update/bin/../lib/gcc/arm-none-eabi/7.3.1/thumb/v7e-m/fpv4-sp/hard/libgcc.a(_aeabi_uldivmod.o)
 .ARM.attributes
                0x0000000000000c87       0x34 /home/jaxc/opt/gcc-arm-none-eabi-7-2018-q2-update/bin/../lib/gcc/arm-none-eabi/7.3.1/thumb/v7e-m/fpv4-sp/hard/libgcc.a(_udivmoddi4.o)
 .ARM.attributes
                0x0000000000000cbb       0x22 /home/jaxc/opt/gcc-arm-none-eabi-7-2018-q2-update/bin/../lib/gcc/arm-none-eabi/7.3.1/thumb/v7e-m/fpv4-sp/hard/libgcc.a(_dvmd_tls.o)
 .ARM.attributes
                0x0000000000000cdd       0x22 /home/jaxc/opt/gcc-arm-none-eabi-7-2018-q2-update/bin/../lib/gcc/arm-none-eabi/7.3.1/thumb/v7e-m/fpv4-sp/hard/crtn.o
OUTPUT(build/HID_test.elf elf32-littlearm)

.debug_info     0x0000000000000000    0x20266
 .debug_info    0x0000000000000000     0x1ae1 build/main.o
 .debug_info    0x0000000000001ae1     0x105a build/stm32f7xx_it.o
 .debug_info    0x0000000000002b3b     0x1465 build/stm32f7xx_hal_msp.o
 .debug_info    0x0000000000003fa0     0x1b2c build/stm32f7xx_hal_cortex.o
 .debug_info    0x0000000000005acc     0x230f build/stm32f7xx_hal_uart.o
 .debug_info    0x0000000000007ddb     0x20f7 build/stm32f7xx_hal_pcd.o
 .debug_info    0x0000000000009ed2     0x115a build/stm32f7xx_hal_pcd_ex.o
 .debug_info    0x000000000000b02c     0x25c1 build/stm32f7xx_ll_usb.o
 .debug_info    0x000000000000d5ed     0x14e5 build/stm32f7xx_hal_rcc.o
 .debug_info    0x000000000000ead2     0x1200 build/stm32f7xx_hal_rcc_ex.o
 .debug_info    0x000000000000fcd2     0x113f build/stm32f7xx_hal_gpio.o
 .debug_info    0x0000000000010e11     0x143c build/stm32f7xx_hal_pwr.o
 .debug_info    0x000000000001224d     0x13ff build/stm32f7xx_hal.o
 .debug_info    0x000000000001364c     0x10b2 build/system_stm32f7xx.o
 .debug_info    0x00000000000146fe     0x1030 build/usb_device.o
 .debug_info    0x000000000001572e     0x29af build/usbd_conf.o
 .debug_info    0x00000000000180dd      0xef5 build/usbd_desc.o
 .debug_info    0x0000000000018fd2     0x17ac build/usbd_core.o
 .debug_info    0x000000000001a77e     0x198d build/usbd_ctlreq.o
 .debug_info    0x000000000001c10b     0x118a build/usbd_ioreq.o
 .debug_info    0x000000000001d295     0x1276 build/usbd_cdc_if.o
 .debug_info    0x000000000001e50b     0x1d39 build/usbd_cdc.o
 .debug_info    0x0000000000020244       0x22 build/startup_stm32f722xx.o

.debug_abbrev   0x0000000000000000     0x3beb
 .debug_abbrev  0x0000000000000000      0x2a9 build/main.o
 .debug_abbrev  0x00000000000002a9      0x20c build/stm32f7xx_it.o
 .debug_abbrev  0x00000000000004b5      0x218 build/stm32f7xx_hal_msp.o
 .debug_abbrev  0x00000000000006cd      0x3dc build/stm32f7xx_hal_cortex.o
 .debug_abbrev  0x0000000000000aa9      0x345 build/stm32f7xx_hal_uart.o
 .debug_abbrev  0x0000000000000dee      0x362 build/stm32f7xx_hal_pcd.o
 .debug_abbrev  0x0000000000001150      0x267 build/stm32f7xx_hal_pcd_ex.o
 .debug_abbrev  0x00000000000013b7      0x35a build/stm32f7xx_ll_usb.o
 .debug_abbrev  0x0000000000001711      0x2fd build/stm32f7xx_hal_rcc.o
 .debug_abbrev  0x0000000000001a0e      0x246 build/stm32f7xx_hal_rcc_ex.o
 .debug_abbrev  0x0000000000001c54      0x2be build/stm32f7xx_hal_gpio.o
 .debug_abbrev  0x0000000000001f12      0x273 build/stm32f7xx_hal_pwr.o
 .debug_abbrev  0x0000000000002185      0x2c7 build/stm32f7xx_hal.o
 .debug_abbrev  0x000000000000244c      0x1f3 build/system_stm32f7xx.o
 .debug_abbrev  0x000000000000263f      0x20d build/usb_device.o
 .debug_abbrev  0x000000000000284c      0x304 build/usbd_conf.o
 .debug_abbrev  0x0000000000002b50      0x25e build/usbd_desc.o
 .debug_abbrev  0x0000000000002dae      0x2db build/usbd_core.o
 .debug_abbrev  0x0000000000003089      0x325 build/usbd_ctlreq.o
 .debug_abbrev  0x00000000000033ae      0x206 build/usbd_ioreq.o
 .debug_abbrev  0x00000000000035b4      0x2d4 build/usbd_cdc_if.o
 .debug_abbrev  0x0000000000003888      0x351 build/usbd_cdc.o
 .debug_abbrev  0x0000000000003bd9       0x12 build/startup_stm32f722xx.o

.debug_loc      0x0000000000000000     0xa369
 .debug_loc     0x0000000000000000       0xb2 build/main.o
 .debug_loc     0x00000000000000b2       0x40 build/stm32f7xx_it.o
 .debug_loc     0x00000000000000f2      0x104 build/stm32f7xx_hal_msp.o
 .debug_loc     0x00000000000001f6      0x650 build/stm32f7xx_hal_cortex.o
 .debug_loc     0x0000000000000846     0x1a1e build/stm32f7xx_hal_uart.o
 .debug_loc     0x0000000000002264     0x1018 build/stm32f7xx_hal_pcd.o
 .debug_loc     0x000000000000327c      0x124 build/stm32f7xx_hal_pcd_ex.o
 .debug_loc     0x00000000000033a0     0x2057 build/stm32f7xx_ll_usb.o
 .debug_loc     0x00000000000053f7      0x63d build/stm32f7xx_hal_rcc.o
 .debug_loc     0x0000000000005a34      0x62f build/stm32f7xx_hal_rcc_ex.o
 .debug_loc     0x0000000000006063      0x531 build/stm32f7xx_hal_gpio.o
 .debug_loc     0x0000000000006594       0xd9 build/stm32f7xx_hal_pwr.o
 .debug_loc     0x000000000000666d      0x19d build/stm32f7xx_hal.o
 .debug_loc     0x000000000000680a      0x16a build/system_stm32f7xx.o
 .debug_loc     0x0000000000006974       0x20 build/usb_device.o
 .debug_loc     0x0000000000006994     0x104b build/usbd_conf.o
 .debug_loc     0x00000000000079df      0x378 build/usbd_desc.o
 .debug_loc     0x0000000000007d57      0x922 build/usbd_core.o
 .debug_loc     0x0000000000008679     0x1008 build/usbd_ctlreq.o
 .debug_loc     0x0000000000009681      0x31c build/usbd_ioreq.o
 .debug_loc     0x000000000000999d      0x173 build/usbd_cdc_if.o
 .debug_loc     0x0000000000009b10      0x859 build/usbd_cdc.o

.debug_aranges  0x0000000000000000      0xd00
 .debug_aranges
                0x0000000000000000       0x40 build/main.o
 .debug_aranges
                0x0000000000000040       0x68 build/stm32f7xx_it.o
 .debug_aranges
                0x00000000000000a8       0x30 build/stm32f7xx_hal_msp.o
 .debug_aranges
                0x00000000000000d8       0xa8 build/stm32f7xx_hal_cortex.o
 .debug_aranges
                0x0000000000000180      0x190 build/stm32f7xx_hal_uart.o
 .debug_aranges
                0x0000000000000310      0x120 build/stm32f7xx_hal_pcd.o
 .debug_aranges
                0x0000000000000430       0x48 build/stm32f7xx_hal_pcd_ex.o
 .debug_aranges
                0x0000000000000478      0x190 build/stm32f7xx_ll_usb.o
 .debug_aranges
                0x0000000000000608       0x88 build/stm32f7xx_hal_rcc.o
 .debug_aranges
                0x0000000000000690       0x50 build/stm32f7xx_hal_rcc_ex.o
 .debug_aranges
                0x00000000000006e0       0x58 build/stm32f7xx_hal_gpio.o
 .debug_aranges
                0x0000000000000738       0xa0 build/stm32f7xx_hal_pwr.o
 .debug_aranges
                0x00000000000007d8      0x100 build/stm32f7xx_hal.o
 .debug_aranges
                0x00000000000008d8       0x28 build/system_stm32f7xx.o
 .debug_aranges
                0x0000000000000900       0x20 build/usb_device.o
 .debug_aranges
                0x0000000000000920      0x100 build/usbd_conf.o
 .debug_aranges
                0x0000000000000a20       0x58 build/usbd_desc.o
 .debug_aranges
                0x0000000000000a78       0xb8 build/usbd_core.o
 .debug_aranges
                0x0000000000000b30       0x88 build/usbd_ctlreq.o
 .debug_aranges
                0x0000000000000bb8       0x50 build/usbd_ioreq.o
 .debug_aranges
                0x0000000000000c08       0x40 build/usbd_cdc_if.o
 .debug_aranges
                0x0000000000000c48       0x90 build/usbd_cdc.o
 .debug_aranges
                0x0000000000000cd8       0x28 build/startup_stm32f722xx.o

.debug_ranges   0x0000000000000000      0xbf8
 .debug_ranges  0x0000000000000000       0x30 build/main.o
 .debug_ranges  0x0000000000000030       0x58 build/stm32f7xx_it.o
 .debug_ranges  0x0000000000000088       0x20 build/stm32f7xx_hal_msp.o
 .debug_ranges  0x00000000000000a8       0xf8 build/stm32f7xx_hal_cortex.o
 .debug_ranges  0x00000000000001a0      0x180 build/stm32f7xx_hal_uart.o
 .debug_ranges  0x0000000000000320      0x110 build/stm32f7xx_hal_pcd.o
 .debug_ranges  0x0000000000000430       0x38 build/stm32f7xx_hal_pcd_ex.o
 .debug_ranges  0x0000000000000468      0x180 build/stm32f7xx_ll_usb.o
 .debug_ranges  0x00000000000005e8       0x78 build/stm32f7xx_hal_rcc.o
 .debug_ranges  0x0000000000000660       0x40 build/stm32f7xx_hal_rcc_ex.o
 .debug_ranges  0x00000000000006a0       0x48 build/stm32f7xx_hal_gpio.o
 .debug_ranges  0x00000000000006e8       0x90 build/stm32f7xx_hal_pwr.o
 .debug_ranges  0x0000000000000778       0xf0 build/stm32f7xx_hal.o
 .debug_ranges  0x0000000000000868       0x18 build/system_stm32f7xx.o
 .debug_ranges  0x0000000000000880       0x10 build/usb_device.o
 .debug_ranges  0x0000000000000890       0xf0 build/usbd_conf.o
 .debug_ranges  0x0000000000000980       0x48 build/usbd_desc.o
 .debug_ranges  0x00000000000009c8       0xa8 build/usbd_core.o
 .debug_ranges  0x0000000000000a70       0x78 build/usbd_ctlreq.o
 .debug_ranges  0x0000000000000ae8       0x40 build/usbd_ioreq.o
 .debug_ranges  0x0000000000000b28       0x30 build/usbd_cdc_if.o
 .debug_ranges  0x0000000000000b58       0x80 build/usbd_cdc.o
 .debug_ranges  0x0000000000000bd8       0x20 build/startup_stm32f722xx.o

.debug_line     0x0000000000000000     0x6a01
 .debug_line    0x0000000000000000      0x3ca build/main.o
 .debug_line    0x00000000000003ca      0x308 build/stm32f7xx_it.o
 .debug_line    0x00000000000006d2      0x2b7 build/stm32f7xx_hal_msp.o
 .debug_line    0x0000000000000989      0x49e build/stm32f7xx_hal_cortex.o
 .debug_line    0x0000000000000e27      0xc61 build/stm32f7xx_hal_uart.o
 .debug_line    0x0000000000001a88      0x815 build/stm32f7xx_hal_pcd.o
 .debug_line    0x000000000000229d      0x315 build/stm32f7xx_hal_pcd_ex.o
 .debug_line    0x00000000000025b2      0x8e2 build/stm32f7xx_ll_usb.o
 .debug_line    0x0000000000002e94      0x562 build/stm32f7xx_hal_rcc.o
 .debug_line    0x00000000000033f6      0x491 build/stm32f7xx_hal_rcc_ex.o
 .debug_line    0x0000000000003887      0x3de build/stm32f7xx_hal_gpio.o
 .debug_line    0x0000000000003c65      0x3f0 build/stm32f7xx_hal_pwr.o
 .debug_line    0x0000000000004055      0x491 build/stm32f7xx_hal.o
 .debug_line    0x00000000000044e6      0x22f build/system_stm32f7xx.o
 .debug_line    0x0000000000004715      0x2f4 build/usb_device.o
 .debug_line    0x0000000000004a09      0x61b build/usbd_conf.o
 .debug_line    0x0000000000005024      0x32b build/usbd_desc.o
 .debug_line    0x000000000000534f      0x510 build/usbd_core.o
 .debug_line    0x000000000000585f      0x58f build/usbd_ctlreq.o
 .debug_line    0x0000000000005dee      0x32a build/usbd_ioreq.o
 .debug_line    0x0000000000006118      0x326 build/usbd_cdc_if.o
 .debug_line    0x000000000000643e      0x54f build/usbd_cdc.o
 .debug_line    0x000000000000698d       0x74 build/startup_stm32f722xx.o

.debug_str      0x0000000000000000     0x4714
 .debug_str     0x0000000000000000     0x104c build/main.o
                                       0x1116 (size before relaxing)
 .debug_str     0x000000000000104c      0x426 build/stm32f7xx_it.o
                                        0xa4b (size before relaxing)
 .debug_str     0x0000000000001472       0x5e build/stm32f7xx_hal_msp.o
                                        0xc7a (size before relaxing)
 .debug_str     0x00000000000014d0      0x9fe build/stm32f7xx_hal_cortex.o
                                       0x1113 (size before relaxing)
 .debug_str     0x0000000000001ece      0x5c0 build/stm32f7xx_hal_uart.o
                                       0x1227 (size before relaxing)
 .debug_str     0x000000000000248e      0x773 build/stm32f7xx_hal_pcd.o
                                       0x1132 (size before relaxing)
 .debug_str     0x0000000000002c01      0x165 build/stm32f7xx_hal_pcd_ex.o
                                        0xb64 (size before relaxing)
 .debug_str     0x0000000000002d66      0x40d build/stm32f7xx_ll_usb.o
                                       0x1055 (size before relaxing)
 .debug_str     0x0000000000003173      0x16c build/stm32f7xx_hal_rcc.o
                                        0xaea (size before relaxing)
 .debug_str     0x00000000000032df      0x144 build/stm32f7xx_hal_rcc_ex.o
                                        0xb0a (size before relaxing)
 .debug_str     0x0000000000003423      0x120 build/stm32f7xx_hal_gpio.o
                                        0x915 (size before relaxing)
 .debug_str     0x0000000000003543      0x20e build/stm32f7xx_hal_pwr.o
                                        0xa67 (size before relaxing)
 .debug_str     0x0000000000003751      0x2cc build/stm32f7xx_hal.o
                                        0xfd5 (size before relaxing)
 .debug_str     0x0000000000003a1d       0x42 build/system_stm32f7xx.o
                                        0x842 (size before relaxing)
 .debug_str     0x0000000000003a5f      0x3aa build/usb_device.o
                                        0xa4c (size before relaxing)
 .debug_str     0x0000000000003e09      0x25b build/usbd_conf.o
                                       0x1aa0 (size before relaxing)
 .debug_str     0x0000000000004064      0x144 build/usbd_desc.o
                                        0x849 (size before relaxing)
 .debug_str     0x00000000000041a8      0x157 build/usbd_core.o
                                        0xc8d (size before relaxing)
 .debug_str     0x00000000000042ff       0xe2 build/usbd_ctlreq.o
                                        0xb86 (size before relaxing)
 .debug_str     0x00000000000043e1       0x60 build/usbd_ioreq.o
                                        0xab3 (size before relaxing)
 .debug_str     0x0000000000004441      0x11b build/usbd_cdc_if.o
                                        0xb46 (size before relaxing)
 .debug_str     0x000000000000455c      0x194 build/usbd_cdc.o
                                       0x1078 (size before relaxing)
 .debug_str     0x00000000000046f0       0x24 build/startup_stm32f722xx.o
                                         0x42 (size before relaxing)

.comment        0x0000000000000000       0x7f
 .comment       0x0000000000000000       0x7f build/main.o
                                         0x80 (size before relaxing)
 .comment       0x000000000000007f       0x80 build/stm32f7xx_it.o
 .comment       0x000000000000007f       0x80 build/stm32f7xx_hal_msp.o
 .comment       0x000000000000007f       0x80 build/stm32f7xx_hal_cortex.o
 .comment       0x000000000000007f       0x80 build/stm32f7xx_hal_uart.o
 .comment       0x000000000000007f       0x80 build/stm32f7xx_hal_pcd.o
 .comment       0x000000000000007f       0x80 build/stm32f7xx_hal_pcd_ex.o
 .comment       0x000000000000007f       0x80 build/stm32f7xx_ll_usb.o
 .comment       0x000000000000007f       0x80 build/stm32f7xx_hal_rcc.o
 .comment       0x000000000000007f       0x80 build/stm32f7xx_hal_rcc_ex.o
 .comment       0x000000000000007f       0x80 build/stm32f7xx_hal_gpio.o
 .comment       0x000000000000007f       0x80 build/stm32f7xx_hal_pwr.o
 .comment       0x000000000000007f       0x80 build/stm32f7xx_hal.o
 .comment       0x000000000000007f       0x80 build/system_stm32f7xx.o
 .comment       0x000000000000007f       0x80 build/usb_device.o
 .comment       0x000000000000007f       0x80 build/usbd_conf.o
 .comment       0x000000000000007f       0x80 build/usbd_desc.o
 .comment       0x000000000000007f       0x80 build/usbd_core.o
 .comment       0x000000000000007f       0x80 build/usbd_ctlreq.o
 .comment       0x000000000000007f       0x80 build/usbd_ioreq.o
 .comment       0x000000000000007f       0x80 build/usbd_cdc_if.o
 .comment       0x000000000000007f       0x80 build/usbd_cdc.o

.debug_frame    0x0000000000000000     0x2c24
 .debug_frame   0x0000000000000000       0xac build/main.o
 .debug_frame   0x00000000000000ac       0xc8 build/stm32f7xx_it.o
 .debug_frame   0x0000000000000174       0x64 build/stm32f7xx_hal_msp.o
 .debug_frame   0x00000000000001d8      0x16c build/stm32f7xx_hal_cortex.o
 .debug_frame   0x0000000000000344      0x4d8 build/stm32f7xx_hal_uart.o
 .debug_frame   0x000000000000081c      0x384 build/stm32f7xx_hal_pcd.o
 .debug_frame   0x0000000000000ba0       0x80 build/stm32f7xx_hal_pcd_ex.o
 .debug_frame   0x0000000000000c20      0x4f8 build/stm32f7xx_ll_usb.o
 .debug_frame   0x0000000000001118      0x1d4 build/stm32f7xx_hal_rcc.o
 .debug_frame   0x00000000000012ec       0xe8 build/stm32f7xx_hal_rcc_ex.o
 .debug_frame   0x00000000000013d4       0xec build/stm32f7xx_hal_gpio.o
 .debug_frame   0x00000000000014c0      0x138 build/stm32f7xx_hal_pwr.o
 .debug_frame   0x00000000000015f8      0x220 build/stm32f7xx_hal.o
 .debug_frame   0x0000000000001818       0x3c build/system_stm32f7xx.o
 .debug_frame   0x0000000000001854       0x2c build/usb_device.o
 .debug_frame   0x0000000000001880      0x338 build/usbd_conf.o
 .debug_frame   0x0000000000001bb8       0xcc build/usbd_desc.o
 .debug_frame   0x0000000000001c84      0x1f4 build/usbd_core.o
 .debug_frame   0x0000000000001e78      0x1ac build/usbd_ctlreq.o
 .debug_frame   0x0000000000002024       0xd4 build/usbd_ioreq.o
 .debug_frame   0x00000000000020f8       0x84 build/usbd_cdc_if.o
 .debug_frame   0x000000000000217c      0x184 build/usbd_cdc.o
 .debug_frame   0x0000000000002300       0x2c /home/jaxc/opt/gcc-arm-none-eabi-7-2018-q2-update/bin/../lib/gcc/arm-none-eabi/7.3.1/../../../../arm-none-eabi/lib/thumb/v7e-m/fpv4-sp/hard/libc_nano.a(lib_a-init.o)
 .debug_frame   0x000000000000232c       0x30 /home/jaxc/opt/gcc-arm-none-eabi-7-2018-q2-update/bin/../lib/gcc/arm-none-eabi/7.3.1/../../../../arm-none-eabi/lib/thumb/v7e-m/fpv4-sp/hard/libc_nano.a(lib_a-malloc.o)
 .debug_frame   0x000000000000235c       0x20 /home/jaxc/opt/gcc-arm-none-eabi-7-2018-q2-update/bin/../lib/gcc/arm-none-eabi/7.3.1/../../../../arm-none-eabi/lib/thumb/v7e-m/fpv4-sp/hard/libc_nano.a(lib_a-memset.o)
 .debug_frame   0x000000000000237c       0x38 /home/jaxc/opt/gcc-arm-none-eabi-7-2018-q2-update/bin/../lib/gcc/arm-none-eabi/7.3.1/../../../../arm-none-eabi/lib/thumb/v7e-m/fpv4-sp/hard/libc_nano.a(lib_a-nano-freer.o)
 .debug_frame   0x00000000000023b4       0x2c /home/jaxc/opt/gcc-arm-none-eabi-7-2018-q2-update/bin/../lib/gcc/arm-none-eabi/7.3.1/../../../../arm-none-eabi/lib/thumb/v7e-m/fpv4-sp/hard/libc_nano.a(lib_a-nano-mallocr.o)
 .debug_frame   0x00000000000023e0       0x74 /home/jaxc/opt/gcc-arm-none-eabi-7-2018-q2-update/bin/../lib/gcc/arm-none-eabi/7.3.1/../../../../arm-none-eabi/lib/thumb/v7e-m/fpv4-sp/hard/libc_nano.a(lib_a-printf.o)
 .debug_frame   0x0000000000002454       0x58 /home/jaxc/opt/gcc-arm-none-eabi-7-2018-q2-update/bin/../lib/gcc/arm-none-eabi/7.3.1/../../../../arm-none-eabi/lib/thumb/v7e-m/fpv4-sp/hard/libc_nano.a(lib_a-putchar.o)
 .debug_frame   0x00000000000024ac       0x2c /home/jaxc/opt/gcc-arm-none-eabi-7-2018-q2-update/bin/../lib/gcc/arm-none-eabi/7.3.1/../../../../arm-none-eabi/lib/thumb/v7e-m/fpv4-sp/hard/libc_nano.a(lib_a-sbrkr.o)
 .debug_frame   0x00000000000024d8      0x11c /home/jaxc/opt/gcc-arm-none-eabi-7-2018-q2-update/bin/../lib/gcc/arm-none-eabi/7.3.1/../../../../arm-none-eabi/lib/thumb/v7e-m/fpv4-sp/hard/libc_nano.a(lib_a-findfp.o)
 .debug_frame   0x00000000000025f4       0x54 /home/jaxc/opt/gcc-arm-none-eabi-7-2018-q2-update/bin/../lib/gcc/arm-none-eabi/7.3.1/../../../../arm-none-eabi/lib/thumb/v7e-m/fpv4-sp/hard/libc_nano.a(lib_a-fwalk.o)
 .debug_frame   0x0000000000002648       0x30 /home/jaxc/opt/gcc-arm-none-eabi-7-2018-q2-update/bin/../lib/gcc/arm-none-eabi/7.3.1/../../../../arm-none-eabi/lib/thumb/v7e-m/fpv4-sp/hard/libc_nano.a(lib_a-mlock.o)